Archive member included to satisfy reference by file (symbol)

c:/st/stm32cubeide_1.7.0/stm32cubeide/plugins/com.st.stm32cube.ide.mcu.externaltools.gnu-tools-for-stm32.9-2020-q2-update.win32_2.0.0.202105311346/tools/bin/../lib/gcc/arm-none-eabi/9.3.1/../../../../arm-none-eabi/lib/thumb/v7-m/nofp\libc_nano.a(lib_a-errno.o)
                              build/syscalls.o (__errno)
c:/st/stm32cubeide_1.7.0/stm32cubeide/plugins/com.st.stm32cube.ide.mcu.externaltools.gnu-tools-for-stm32.9-2020-q2-update.win32_2.0.0.202105311346/tools/bin/../lib/gcc/arm-none-eabi/9.3.1/../../../../arm-none-eabi/lib/thumb/v7-m/nofp\libc_nano.a(lib_a-exit.o)
                              c:/st/stm32cubeide_1.7.0/stm32cubeide/plugins/com.st.stm32cube.ide.mcu.externaltools.gnu-tools-for-stm32.9-2020-q2-update.win32_2.0.0.202105311346/tools/bin/../lib/gcc/arm-none-eabi/9.3.1/../../../../arm-none-eabi/lib/thumb/v7-m/nofp/crt0.o (exit)
c:/st/stm32cubeide_1.7.0/stm32cubeide/plugins/com.st.stm32cube.ide.mcu.externaltools.gnu-tools-for-stm32.9-2020-q2-update.win32_2.0.0.202105311346/tools/bin/../lib/gcc/arm-none-eabi/9.3.1/../../../../arm-none-eabi/lib/thumb/v7-m/nofp\libc_nano.a(lib_a-impure.o)
                              c:/st/stm32cubeide_1.7.0/stm32cubeide/plugins/com.st.stm32cube.ide.mcu.externaltools.gnu-tools-for-stm32.9-2020-q2-update.win32_2.0.0.202105311346/tools/bin/../lib/gcc/arm-none-eabi/9.3.1/../../../../arm-none-eabi/lib/thumb/v7-m/nofp\libc_nano.a(lib_a-exit.o) (_global_impure_ptr)
c:/st/stm32cubeide_1.7.0/stm32cubeide/plugins/com.st.stm32cube.ide.mcu.externaltools.gnu-tools-for-stm32.9-2020-q2-update.win32_2.0.0.202105311346/tools/bin/../lib/gcc/arm-none-eabi/9.3.1/../../../../arm-none-eabi/lib/thumb/v7-m/nofp\libc_nano.a(lib_a-init.o)
                              c:/st/stm32cubeide_1.7.0/stm32cubeide/plugins/com.st.stm32cube.ide.mcu.externaltools.gnu-tools-for-stm32.9-2020-q2-update.win32_2.0.0.202105311346/tools/bin/../lib/gcc/arm-none-eabi/9.3.1/../../../../arm-none-eabi/lib/thumb/v7-m/nofp/crt0.o (__libc_init_array)
c:/st/stm32cubeide_1.7.0/stm32cubeide/plugins/com.st.stm32cube.ide.mcu.externaltools.gnu-tools-for-stm32.9-2020-q2-update.win32_2.0.0.202105311346/tools/bin/../lib/gcc/arm-none-eabi/9.3.1/../../../../arm-none-eabi/lib/thumb/v7-m/nofp\libc_nano.a(lib_a-memset.o)
                              c:/st/stm32cubeide_1.7.0/stm32cubeide/plugins/com.st.stm32cube.ide.mcu.externaltools.gnu-tools-for-stm32.9-2020-q2-update.win32_2.0.0.202105311346/tools/bin/../lib/gcc/arm-none-eabi/9.3.1/../../../../arm-none-eabi/lib/thumb/v7-m/nofp/crt0.o (memset)
c:/st/stm32cubeide_1.7.0/stm32cubeide/plugins/com.st.stm32cube.ide.mcu.externaltools.gnu-tools-for-stm32.9-2020-q2-update.win32_2.0.0.202105311346/tools/bin/../lib/gcc/arm-none-eabi/9.3.1/../../../../arm-none-eabi/lib/thumb/v7-m/nofp\libc_nano.a(lib_a-sprintf.o)
                              build/auto_fsm.o (sprintf)
c:/st/stm32cubeide_1.7.0/stm32cubeide/plugins/com.st.stm32cube.ide.mcu.externaltools.gnu-tools-for-stm32.9-2020-q2-update.win32_2.0.0.202105311346/tools/bin/../lib/gcc/arm-none-eabi/9.3.1/../../../../arm-none-eabi/lib/thumb/v7-m/nofp\libc_nano.a(lib_a-nano-svfprintf.o)
                              c:/st/stm32cubeide_1.7.0/stm32cubeide/plugins/com.st.stm32cube.ide.mcu.externaltools.gnu-tools-for-stm32.9-2020-q2-update.win32_2.0.0.202105311346/tools/bin/../lib/gcc/arm-none-eabi/9.3.1/../../../../arm-none-eabi/lib/thumb/v7-m/nofp\libc_nano.a(lib_a-sprintf.o) (_svfprintf_r)
c:/st/stm32cubeide_1.7.0/stm32cubeide/plugins/com.st.stm32cube.ide.mcu.externaltools.gnu-tools-for-stm32.9-2020-q2-update.win32_2.0.0.202105311346/tools/bin/../lib/gcc/arm-none-eabi/9.3.1/../../../../arm-none-eabi/lib/thumb/v7-m/nofp\libc_nano.a(lib_a-nano-vfprintf_i.o)
                              c:/st/stm32cubeide_1.7.0/stm32cubeide/plugins/com.st.stm32cube.ide.mcu.externaltools.gnu-tools-for-stm32.9-2020-q2-update.win32_2.0.0.202105311346/tools/bin/../lib/gcc/arm-none-eabi/9.3.1/../../../../arm-none-eabi/lib/thumb/v7-m/nofp\libc_nano.a(lib_a-nano-svfprintf.o) (_printf_i)
c:/st/stm32cubeide_1.7.0/stm32cubeide/plugins/com.st.stm32cube.ide.mcu.externaltools.gnu-tools-for-stm32.9-2020-q2-update.win32_2.0.0.202105311346/tools/bin/../lib/gcc/arm-none-eabi/9.3.1/../../../../arm-none-eabi/lib/thumb/v7-m/nofp\libc_nano.a(lib_a-memchr-stub.o)
                              c:/st/stm32cubeide_1.7.0/stm32cubeide/plugins/com.st.stm32cube.ide.mcu.externaltools.gnu-tools-for-stm32.9-2020-q2-update.win32_2.0.0.202105311346/tools/bin/../lib/gcc/arm-none-eabi/9.3.1/../../../../arm-none-eabi/lib/thumb/v7-m/nofp\libc_nano.a(lib_a-nano-svfprintf.o) (memchr)
c:/st/stm32cubeide_1.7.0/stm32cubeide/plugins/com.st.stm32cube.ide.mcu.externaltools.gnu-tools-for-stm32.9-2020-q2-update.win32_2.0.0.202105311346/tools/bin/../lib/gcc/arm-none-eabi/9.3.1/../../../../arm-none-eabi/lib/thumb/v7-m/nofp\libc_nano.a(lib_a-memcpy-stub.o)
[...]
Memory Configuration

Name             Origin             Length             Attributes
RAM              0x0000000020000000 0x0000000000005000 xrw
FLASH            0x0000000008000000 0x0000000000020000 xr
*default*        0x0000000000000000 0xffffffffffffffff

Linker script and memory map

LOAD c:/st/stm32cubeide_1.7.0/stm32cubeide/plugins/com.st.stm32cube.ide.mcu.externaltools.gnu-tools-for-stm32.9-2020-q2-update.win32_2.0.0.202105311346/tools/bin/../lib/gcc/arm-none-eabi/9.3.1/thumb/v7-m/nofp/crti.o
LOAD c:/st/stm32cubeide_1.7.0/stm32cubeide/plugins/com.st.stm32cube.ide.mcu.externaltools.gnu-tools-for-stm32.9-2020-q2-update.win32_2.0.0.202105311346/tools/bin/../lib/gcc/arm-none-eabi/9.3.1/thumb/v7-m/nofp/crtbegin.o
LOAD c:/st/stm32cubeide_1.7.0/stm32cubeide/plugins/com.st.stm32cube.ide.mcu.externaltools.gnu-tools-for-stm32.9-2020-q2-update.win32_2.0.0.202105311346/tools/bin/../lib/gcc/arm-none-eabi/9.3.1/../../../../arm-none-eabi/lib/thumb/v7-m/nofp/crt0.o
LOAD build/auto_fsm.o
LOAD build/global.o
LOAD build/hardware_layer.o
LOAD build/input_reading.o
LOAD build/main.o
LOAD build/manual_fsm.o
LOAD build/pedes_fsm.o
LOAD build/setting_fsm.o
LOAD build/software_timer.o
LOAD build/stm32f1xx_hal_msp.o
LOAD build/stm32f1xx_it.o
LOAD build/syscalls.o
LOAD build/sysmem.o
LOAD build/system_stm32f1xx.o
LOAD build/stm32f1xx_hal.o
LOAD build/stm32f1xx_hal_cortex.o
LOAD build/stm32f1xx_hal_dma.o
LOAD build/stm32f1xx_hal_exti.o
LOAD build/stm32f1xx_hal_flash.o
LOAD build/stm32f1xx_hal_flash_ex.o
LOAD build/stm32f1xx_hal_gpio.o
LOAD build/stm32f1xx_hal_gpio_ex.o
LOAD build/stm32f1xx_hal_pwr.o
LOAD build/stm32f1xx_hal_rcc.o
LOAD build/stm32f1xx_hal_rcc_ex.o
LOAD build/stm32f1xx_hal_tim.o
LOAD build/stm32f1xx_hal_tim_ex.o
LOAD build/stm32f1xx_hal_uart.o
LOAD build/startup_stm32f103rbtx.o
LOAD c:/st/stm32cubeide_1.7.0/stm32cubeide/plugins/com.st.stm32cube.ide.mcu.externaltools.gnu-tools-for-stm32.9-2020-q2-update.win32_2.0.0.202105311346/tools/bin/../lib/gcc/arm-none-eabi/9.3.1/../../../../arm-none-eabi/lib/thumb/v7-m/nofp\libc_nano.a
LOAD c:/st/stm32cubeide_1.7.0/stm32cubeide/plugins/com.st.stm32cube.ide.mcu.externaltools.gnu-tools-for-stm32.9-2020-q2-update.win32_2.0.0.202105311346/tools/bin/../lib/gcc/arm-none-eabi/9.3.1/../../../../arm-none-eabi/lib/thumb/v7-m/nofp\libm.a
LOAD c:/st/stm32cubeide_1.7.0/stm32cubeide/plugins/com.st.stm32cube.ide.mcu.externaltools.gnu-tools-for-stm32.9-2020-q2-update.win32_2.0.0.202105311346/tools/bin/../lib/gcc/arm-none-eabi/9.3.1/../../../../arm-none-eabi/lib/thumb/v7-m/nofp\libnosys.a
START GROUP
LOAD c:/st/stm32cubeide_1.7.0/stm32cubeide/plugins/com.st.stm32cube.ide.mcu.externaltools.gnu-tools-for-stm32.9-2020-q2-update.win32_2.0.0.202105311346/tools/bin/../lib/gcc/arm-none-eabi/9.3.1/thumb/v7-m/nofp\libgcc.a
LOAD c:/st/stm32cubeide_1.7.0/stm32cubeide/plugins/com.st.stm32cube.ide.mcu.externaltools.gnu-tools-for-stm32.9-2020-q2-update.win32_2.0.0.202105311346/tools/bin/../lib/gcc/arm-none-eabi/9.3.1/../../../../arm-none-eabi/lib/thumb/v7-m/nofp\libc_nano.a
END GROUP
START GROUP
LOAD c:/st/stm32cubeide_1.7.0/stm32cubeide/plugins/com.st.stm32cube.ide.mcu.externaltools.gnu-tools-for-stm32.9-2020-q2-update.win32_2.0.0.202105311346/tools/bin/../lib/gcc/arm-none-eabi/9.3.1/thumb/v7-m/nofp\libgcc.a
LOAD c:/st/stm32cubeide_1.7.0/stm32cubeide/plugins/com.st.stm32cube.ide.mcu.externaltools.gnu-tools-for-stm32.9-2020-q2-update.win32_2.0.0.202105311346/tools/bin/../lib/gcc/arm-none-eabi/9.3.1/../../../../arm-none-eabi/lib/thumb/v7-m/nofp\libc_nano.a
END GROUP
LOAD c:/st/stm32cubeide_1.7.0/stm32cubeide/plugins/com.st.stm32cube.ide.mcu.externaltools.gnu-tools-for-stm32.9-2020-q2-update.win32_2.0.0.202105311346/tools/bin/../lib/gcc/arm-none-eabi/9.3.1/thumb/v7-m/nofp/crtend.o
LOAD c:/st/stm32cubeide_1.7.0/stm32cubeide/plugins/com.st.stm32cube.ide.mcu.externaltools.gnu-tools-for-stm32.9-2020-q2-update.win32_2.0.0.202105311346/tools/bin/../lib/gcc/arm-none-eabi/9.3.1/thumb/v7-m/nofp/crtn.o
                0x0000000020005000                _estack = (ORIGIN (RAM) + LENGTH (RAM))
                0x0000000000000200                _Min_Heap_Size = 0x200
                0x0000000000000400                _Min_Stack_Size = 0x400

.isr_vector     0x0000000008000000      0x10c
                0x0000000008000000                . = ALIGN (0x4)
 *(.isr_vector)
 .isr_vector    0x0000000008000000      0x10c build/startup_stm32f103rbtx.o
                0x0000000008000000                g_pfnVectors
                0x000000000800010c                . = ALIGN (0x4)

.text           0x000000000800010c     0x3b20
                0x000000000800010c                . = ALIGN (0x4)
 *(.text)
 .text          0x000000000800010c       0x40 c:/st/stm32cubeide_1.7.0/stm32cubeide/plugins/com.st.stm32cube.ide.mcu.externaltools.gnu-tools-for-stm32.9-2020-q2-update.win32_2.0.0.202105311346/tools/bin/../lib/gcc/arm-none-eabi/9.3.1/thumb/v7-m/nofp/crtbegin.o
 *(.text*)
 .text.auto_fsm
                0x000000000800014c      0x2ec build/auto_fsm.o
                0x000000000800014c                auto_fsm
 .text.set_color_light1
                0x0000000008000438       0x98 build/hardware_layer.o
                0x0000000008000438                set_color_light1
 .text.set_color_light2
                0x00000000080004d0       0x8c build/hardware_layer.o
                0x00000000080004d0                set_color_light2
 .text.set_color_pedestrian_light
                0x000000000800055c       0xa0 build/hardware_layer.o
                0x000000000800055c                set_color_pedestrian_light
 .text.is_button_pressed
                0x00000000080005fc       0x34 build/input_reading.o
                0x00000000080005fc                is_button_pressed
 .text.read_pin
                0x0000000008000630       0x84 build/input_reading.o
                0x0000000008000630                read_pin
 .text.input_reading
                0x00000000080006b4       0xf0 build/input_reading.o
                0x00000000080006b4                input_reading
 .text.HAL_TIM_PeriodElapsedCallback
                0x00000000080007a4       0x1c build/main.o
                0x00000000080007a4                HAL_TIM_PeriodElapsedCallback
 .text.main     0x00000000080007c0       0x94 build/main.o
                0x00000000080007c0                main
 .text.SystemClock_Config
                0x0000000008000854       0x82 build/main.o
                0x0000000008000854                SystemClock_Config
 *fill*         0x00000000080008d6        0x2 
 .text.MX_TIM2_Init
                0x00000000080008d8       0x98 build/main.o
 .text.MX_TIM3_Init
                0x0000000008000970       0xb4 build/main.o
 .text.MX_USART2_UART_Init
                0x0000000008000a24       0x54 build/main.o
 .text.MX_GPIO_Init
                0x0000000008000a78       0xf4 build/main.o
 .text.Error_Handler
                0x0000000008000b6c        0xa build/main.o
                0x0000000008000b6c                Error_Handler
 *fill*         0x0000000008000b76        0x2 
 .text.manual_fsm
                0x0000000008000b78       0xa4 build/manual_fsm.o
                0x0000000008000b78                manual_fsm
 .text.pedestrian_fsm
                0x0000000008000c1c       0xfc build/pedes_fsm.o
                0x0000000008000c1c                pedestrian_fsm
 .text.setting_fsm
                0x0000000008000d18      0x1d4 build/setting_fsm.o
                0x0000000008000d18                setting_fsm
 .text.setTimer1
                0x0000000008000eec       0x38 build/software_timer.o
                0x0000000008000eec                setTimer1
 .text.timer1_run
                0x0000000008000f24       0x3c build/software_timer.o
                0x0000000008000f24                timer1_run
 .text.timer2_run
                0x0000000008000f60       0x3c build/software_timer.o
                0x0000000008000f60                timer2_run
 .text.HAL_MspInit
                0x0000000008000f9c       0x64 build/stm32f1xx_hal_msp.o
                0x0000000008000f9c                HAL_MspInit
 .text.HAL_TIM_Base_MspInit
                0x0000000008001000       0x48 build/stm32f1xx_hal_msp.o
                0x0000000008001000                HAL_TIM_Base_MspInit
 .text.HAL_TIM_PWM_MspInit
                0x0000000008001048       0x3c build/stm32f1xx_hal_msp.o
                0x0000000008001048                HAL_TIM_PWM_MspInit
 .text.HAL_TIM_MspPostInit
                0x0000000008001084       0x64 build/stm32f1xx_hal_msp.o
                0x0000000008001084                HAL_TIM_MspPostInit
 .text.HAL_UART_MspInit
                0x00000000080010e8       0x94 build/stm32f1xx_hal_msp.o
                0x00000000080010e8                HAL_UART_MspInit
 .text.NMI_Handler
                0x000000000800117c        0x6 build/stm32f1xx_it.o
                0x000000000800117c                NMI_Handler
 .text.HardFault_Handler
                0x0000000008001182        0x6 build/stm32f1xx_it.o
                0x0000000008001182                HardFault_Handler
 .text.MemManage_Handler
                0x0000000008001188        0x6 build/stm32f1xx_it.o
                0x0000000008001188                MemManage_Handler
 .text.BusFault_Handler
                0x000000000800118e        0x6 build/stm32f1xx_it.o
                0x000000000800118e                BusFault_Handler
 .text.UsageFault_Handler
                0x0000000008001194        0x6 build/stm32f1xx_it.o
                0x0000000008001194                UsageFault_Handler
 .text.SVC_Handler
                0x000000000800119a        0xc build/stm32f1xx_it.o
                0x000000000800119a                SVC_Handler
 .text.DebugMon_Handler
                0x00000000080011a6        0xc build/stm32f1xx_it.o
                0x00000000080011a6                DebugMon_Handler
 .text.PendSV_Handler
                0x00000000080011b2        0xc build/stm32f1xx_it.o
                0x00000000080011b2                PendSV_Handler
 .text.SysTick_Handler
                0x00000000080011be        0xc build/stm32f1xx_it.o
                0x00000000080011be                SysTick_Handler
 *fill*         0x00000000080011ca        0x2 
 .text.TIM2_IRQHandler
                0x00000000080011cc       0x14 build/stm32f1xx_it.o
                0x00000000080011cc                TIM2_IRQHandler
 .text._sbrk    0x00000000080011e0       0x6c build/sysmem.o
                0x00000000080011e0                _sbrk
 .text.SystemInit
                0x000000000800124c        0xc build/system_stm32f1xx.o
                0x000000000800124c                SystemInit
 .text.HAL_Init
                0x0000000008001258       0x2c build/stm32f1xx_hal.o
                0x0000000008001258                HAL_Init
 .text.HAL_InitTick
                0x0000000008001284       0x60 build/stm32f1xx_hal.o
                0x0000000008001284                HAL_InitTick
 .text.HAL_IncTick
                0x00000000080012e4       0x24 build/stm32f1xx_hal.o
                0x00000000080012e4                HAL_IncTick
 .text.HAL_GetTick
                0x0000000008001308       0x14 build/stm32f1xx_hal.o
                0x0000000008001308                HAL_GetTick
 .text.__NVIC_SetPriorityGrouping
                0x000000000800131c       0x48 build/stm32f1xx_hal_cortex.o
 .text.__NVIC_GetPriorityGrouping
                0x0000000008001364       0x1c build/stm32f1xx_hal_cortex.o
 .text.__NVIC_EnableIRQ
                0x0000000008001380       0x38 build/stm32f1xx_hal_cortex.o
 .text.__NVIC_SetPriority
                0x00000000080013b8       0x54 build/stm32f1xx_hal_cortex.o
 .text.NVIC_EncodePriority
                0x000000000800140c       0x64 build/stm32f1xx_hal_cortex.o
 .text.SysTick_Config
                0x0000000008001470       0x44 build/stm32f1xx_hal_cortex.o
 .text.HAL_NVIC_SetPriorityGrouping
                0x00000000080014b4       0x16 build/stm32f1xx_hal_cortex.o
                0x00000000080014b4                HAL_NVIC_SetPriorityGrouping
 .text.HAL_NVIC_SetPriority
                0x00000000080014ca       0x38 build/stm32f1xx_hal_cortex.o
                0x00000000080014ca                HAL_NVIC_SetPriority
 .text.HAL_NVIC_EnableIRQ
                0x0000000008001502       0x1c build/stm32f1xx_hal_cortex.o
                0x0000000008001502                HAL_NVIC_EnableIRQ
 .text.HAL_SYSTICK_Config
                0x000000000800151e       0x18 build/stm32f1xx_hal_cortex.o
                0x000000000800151e                HAL_SYSTICK_Config
 *fill*         0x0000000008001536        0x2 
 .text.HAL_GPIO_Init
                0x0000000008001538      0x308 build/stm32f1xx_hal_gpio.o
                0x0000000008001538                HAL_GPIO_Init
 .text.HAL_GPIO_ReadPin
                0x0000000008001840       0x2e build/stm32f1xx_hal_gpio.o
                0x0000000008001840                HAL_GPIO_ReadPin
 .text.HAL_GPIO_WritePin
                0x000000000800186e       0x30 build/stm32f1xx_hal_gpio.o
                0x000000000800186e                HAL_GPIO_WritePin
 *fill*         0x000000000800189e        0x2 
 .text.HAL_RCC_OscConfig
                0x00000000080018a0      0x500 build/stm32f1xx_hal_rcc.o
                0x00000000080018a0                HAL_RCC_OscConfig
 .text.HAL_RCC_ClockConfig
                0x0000000008001da0      0x1d4 build/stm32f1xx_hal_rcc.o
                0x0000000008001da0                HAL_RCC_ClockConfig
 .text.HAL_RCC_GetSysClockFreq
                0x0000000008001f74       0xc0 build/stm32f1xx_hal_rcc.o
                0x0000000008001f74                HAL_RCC_GetSysClockFreq
 .text.HAL_RCC_GetHCLKFreq
                0x0000000008002034       0x14 build/stm32f1xx_hal_rcc.o
                0x0000000008002034                HAL_RCC_GetHCLKFreq
 .text.HAL_RCC_GetPCLK1Freq
                0x0000000008002048       0x28 build/stm32f1xx_hal_rcc.o
                0x0000000008002048                HAL_RCC_GetPCLK1Freq
 .text.HAL_RCC_GetPCLK2Freq
                0x0000000008002070       0x28 build/stm32f1xx_hal_rcc.o
                0x0000000008002070                HAL_RCC_GetPCLK2Freq
 .text.RCC_Delay
                0x0000000008002098       0x3c build/stm32f1xx_hal_rcc.o
 .text.HAL_TIM_Base_Init
                0x00000000080020d4       0x9e build/stm32f1xx_hal_tim.o
                0x00000000080020d4                HAL_TIM_Base_Init
 *fill*         0x0000000008002172        0x2 
 .text.HAL_TIM_Base_Start_IT
                0x0000000008002174       0xa4 build/stm32f1xx_hal_tim.o
                0x0000000008002174                HAL_TIM_Base_Start_IT
 .text.HAL_TIM_PWM_Init
                0x0000000008002218       0x9e build/stm32f1xx_hal_tim.o
                0x0000000008002218                HAL_TIM_PWM_Init
 *fill*         0x00000000080022b6        0x2 
 .text.HAL_TIM_PWM_Start
                0x00000000080022b8      0x144 build/stm32f1xx_hal_tim.o
                0x00000000080022b8                HAL_TIM_PWM_Start
 .text.HAL_TIM_IRQHandler
                0x00000000080023fc      0x210 build/stm32f1xx_hal_tim.o
                0x00000000080023fc                HAL_TIM_IRQHandler
 .text.HAL_TIM_PWM_ConfigChannel
                0x000000000800260c      0x17c build/stm32f1xx_hal_tim.o
                0x000000000800260c                HAL_TIM_PWM_ConfigChannel
 .text.HAL_TIM_ConfigClockSource
                0x0000000008002788      0x188 build/stm32f1xx_hal_tim.o
                0x0000000008002788                HAL_TIM_ConfigClockSource
 .text.HAL_TIM_OC_DelayElapsedCallback
                0x0000000008002910       0x12 build/stm32f1xx_hal_tim.o
                0x0000000008002910                HAL_TIM_OC_DelayElapsedCallback
 .text.HAL_TIM_IC_CaptureCallback
                0x0000000008002922       0x12 build/stm32f1xx_hal_tim.o
                0x0000000008002922                HAL_TIM_IC_CaptureCallback
 .text.HAL_TIM_PWM_PulseFinishedCallback
                0x0000000008002934       0x12 build/stm32f1xx_hal_tim.o
                0x0000000008002934                HAL_TIM_PWM_PulseFinishedCallback
 .text.HAL_TIM_TriggerCallback
                0x0000000008002946       0x12 build/stm32f1xx_hal_tim.o
                0x0000000008002946                HAL_TIM_TriggerCallback
 .text.TIM_Base_SetConfig
                0x0000000008002958       0xc4 build/stm32f1xx_hal_tim.o
                0x0000000008002958                TIM_Base_SetConfig
 .text.TIM_OC1_SetConfig
                0x0000000008002a1c       0xcc build/stm32f1xx_hal_tim.o
 .text.TIM_OC2_SetConfig
                0x0000000008002ae8       0xd4 build/stm32f1xx_hal_tim.o
                0x0000000008002ae8                TIM_OC2_SetConfig
 .text.TIM_OC3_SetConfig
                0x0000000008002bbc       0xd4 build/stm32f1xx_hal_tim.o
 .text.TIM_OC4_SetConfig
                0x0000000008002c90       0x9c build/stm32f1xx_hal_tim.o
 .text.TIM_TI1_ConfigInputStage
                0x0000000008002d2c       0x5c build/stm32f1xx_hal_tim.o
 .text.TIM_TI2_ConfigInputStage
                0x0000000008002d88       0x5e build/stm32f1xx_hal_tim.o
 .text.TIM_ITRx_SetConfig
                0x0000000008002de6       0x34 build/stm32f1xx_hal_tim.o
 .text.TIM_ETR_SetConfig
                0x0000000008002e1a       0x3e build/stm32f1xx_hal_tim.o
                0x0000000008002e1a                TIM_ETR_SetConfig
 .text.TIM_CCxChannelCmd
                0x0000000008002e58       0x48 build/stm32f1xx_hal_tim.o
                0x0000000008002e58                TIM_CCxChannelCmd
 .text.HAL_TIMEx_MasterConfigSynchronization
                0x0000000008002ea0       0xbc build/stm32f1xx_hal_tim_ex.o
                0x0000000008002ea0                HAL_TIMEx_MasterConfigSynchronization
 .text.HAL_TIMEx_CommutCallback
                0x0000000008002f5c       0x12 build/stm32f1xx_hal_tim_ex.o
                0x0000000008002f5c                HAL_TIMEx_CommutCallback
 .text.HAL_TIMEx_BreakCallback
                0x0000000008002f6e       0x12 build/stm32f1xx_hal_tim_ex.o
                0x0000000008002f6e                HAL_TIMEx_BreakCallback
 .text.HAL_UART_Init
                0x0000000008002f80       0x9a build/stm32f1xx_hal_uart.o
                0x0000000008002f80                HAL_UART_Init
 .text.HAL_UART_Transmit
                0x000000000800301a      0x124 build/stm32f1xx_hal_uart.o
                0x000000000800301a                HAL_UART_Transmit
 .text.UART_WaitOnFlagUntilTimeout
                0x000000000800313e       0x94 build/stm32f1xx_hal_uart.o
 *fill*         0x00000000080031d2        0x2 
 .text.UART_SetConfig
                0x00000000080031d4      0x11c build/stm32f1xx_hal_uart.o
 .text.Reset_Handler
                0x00000000080032f0       0x48 build/startup_stm32f103rbtx.o
                0x00000000080032f0                Reset_Handler
 .text.Default_Handler
                0x0000000008003338        0x2 build/startup_stm32f103rbtx.o
                0x0000000008003338                RTC_Alarm_IRQHandler
                0x0000000008003338                EXTI2_IRQHandler
                0x0000000008003338                TIM1_CC_IRQHandler
                0x0000000008003338                PVD_IRQHandler
                0x0000000008003338                EXTI3_IRQHandler
                0x0000000008003338                EXTI0_IRQHandler
                0x0000000008003338                I2C2_EV_IRQHandler
                0x0000000008003338                ADC1_2_IRQHandler
                0x0000000008003338                SPI1_IRQHandler
                0x0000000008003338                TAMPER_IRQHandler
                0x0000000008003338                DMA1_Channel4_IRQHandler
                0x0000000008003338                USART3_IRQHandler
                0x0000000008003338                RTC_IRQHandler
                0x0000000008003338                DMA1_Channel7_IRQHandler
                0x0000000008003338                CAN1_RX1_IRQHandler
                0x0000000008003338                TIM4_IRQHandler
                0x0000000008003338                I2C1_EV_IRQHandler
                0x0000000008003338                DMA1_Channel6_IRQHandler
                0x0000000008003338                TIM3_IRQHandler
                0x0000000008003338                RCC_IRQHandler
                0x0000000008003338                TIM1_TRG_COM_IRQHandler
                0x0000000008003338                DMA1_Channel1_IRQHandler
                0x0000000008003338                Default_Handler
                0x0000000008003338                EXTI15_10_IRQHandler
                0x0000000008003338                EXTI9_5_IRQHandler
                0x0000000008003338                SPI2_IRQHandler
                0x0000000008003338                DMA1_Channel5_IRQHandler
                0x0000000008003338                EXTI4_IRQHandler
                0x0000000008003338                USB_LP_CAN1_RX0_IRQHandler
                0x0000000008003338                USB_HP_CAN1_TX_IRQHandler
                0x0000000008003338                DMA1_Channel3_IRQHandler
                0x0000000008003338                TIM1_UP_IRQHandler
                0x0000000008003338                WWDG_IRQHandler
                0x0000000008003338                TIM1_BRK_IRQHandler
                0x0000000008003338                EXTI1_IRQHandler
                0x0000000008003338                USART2_IRQHandler
                0x0000000008003338                I2C2_ER_IRQHandler
                0x0000000008003338                DMA1_Channel2_IRQHandler
                0x0000000008003338                CAN1_SCE_IRQHandler
                0x0000000008003338                FLASH_IRQHandler
                0x0000000008003338                USART1_IRQHandler
                0x0000000008003338                I2C1_ER_IRQHandler
                0x0000000008003338                USBWakeUp_IRQHandler
 *fill*         0x000000000800333a        0x2 
 .text.__errno  0x000000000800333c        0xc c:/st/stm32cubeide_1.7.0/stm32cubeide/plugins/com.st.stm32cube.ide.mcu.externaltools.gnu-tools-for-stm32.9-2020-q2-update.win32_2.0.0.202105311346/tools/bin/../lib/gcc/arm-none-eabi/9.3.1/../../../../arm-none-eabi/lib/thumb/v7-m/nofp\libc_nano.a(lib_a-errno.o)
                0x000000000800333c                __errno
 .text.__libc_init_array
                0x0000000008003348       0x48 c:/st/stm32cubeide_1.7.0/stm32cubeide/plugins/com.st.stm32cube.ide.mcu.externaltools.gnu-tools-for-stm32.9-2020-q2-update.win32_2.0.0.202105311346/tools/bin/../lib/gcc/arm-none-eabi/9.3.1/../../../../arm-none-eabi/lib/thumb/v7-m/nofp\libc_nano.a(lib_a-init.o)
                0x0000000008003348                __libc_init_array
 .text.memset   0x0000000008003390       0x10 c:/st/stm32cubeide_1.7.0/stm32cubeide/plugins/com.st.stm32cube.ide.mcu.externaltools.gnu-tools-for-stm32.9-2020-q2-update.win32_2.0.0.202105311346/tools/bin/../lib/gcc/arm-none-eabi/9.3.1/../../../../arm-none-eabi/lib/thumb/v7-m/nofp\libc_nano.a(lib_a-memset.o)
                0x0000000008003390                memset
 .text.sprintf  0x00000000080033a0       0x40 c:/st/stm32cubeide_1.7.0/stm32cubeide/plugins/com.st.stm32cube.ide.mcu.externaltools.gnu-tools-for-stm32.9-2020-q2-update.win32_2.0.0.202105311346/tools/bin/../lib/gcc/arm-none-eabi/9.3.1/../../../../arm-none-eabi/lib/thumb/v7-m/nofp\libc_nano.a(lib_a-sprintf.o)
                0x00000000080033a0                siprintf
                0x00000000080033a0                sprintf
 .text.__ssputs_r
                0x00000000080033e0       0xb6 c:/st/stm32cubeide_1.7.0/stm32cubeide/plugins/com.st.stm32cube.ide.mcu.externaltools.gnu-tools-for-stm32.9-2020-q2-update.win32_2.0.0.202105311346/tools/bin/../lib/gcc/arm-none-eabi/9.3.1/../../../../arm-none-eabi/lib/thumb/v7-m/nofp\libc_nano.a(lib_a-nano-svfprintf.o)
                0x00000000080033e0                __ssputs_r
 *fill*         0x0000000008003496        0x2 
 .text._svfprintf_r
                0x0000000008003498      0x200 c:/st/stm32cubeide_1.7.0/stm32cubeide/plugins/com.st.stm32cube.ide.mcu.externaltools.gnu-tools-for-stm32.9-2020-q2-update.win32_2.0.0.202105311346/tools/bin/../lib/gcc/arm-none-eabi/9.3.1/../../../../arm-none-eabi/lib/thumb/v7-m/nofp\libc_nano.a(lib_a-nano-svfprintf.o)
                0x0000000008003498                _svfiprintf_r
                0x0000000008003498                _svfprintf_r
 .text._printf_common
                0x0000000008003698       0xde c:/st/stm32cubeide_1.7.0/stm32cubeide/plugins/com.st.stm32cube.ide.mcu.externaltools.gnu-tools-for-stm32.9-2020-q2-update.win32_2.0.0.202105311346/tools/bin/../lib/gcc/arm-none-eabi/9.3.1/../../../../arm-none-eabi/lib/thumb/v7-m/nofp\libc_nano.a(lib_a-nano-vfprintf_i.o)
                0x0000000008003698                _printf_common
 *fill*         0x0000000008003776        0x2 
 .text._printf_i
                0x0000000008003778      0x24c c:/st/stm32cubeide_1.7.0/stm32cubeide/plugins/com.st.stm32cube.ide.mcu.externaltools.gnu-tools-for-stm32.9-2020-q2-update.win32_2.0.0.202105311346/tools/bin/../lib/gcc/arm-none-eabi/9.3.1/../../../../arm-none-eabi/lib/thumb/v7-m/nofp\libc_nano.a(lib_a-nano-vfprintf_i.o)
                0x0000000008003778                _printf_i
 .text.memchr   0x00000000080039c4       0x1c c:/st/stm32cubeide_1.7.0/stm32cubeide/plugins/com.st.stm32cube.ide.mcu.externaltools.gnu-tools-for-stm32.9-2020-q2-update.win32_2.0.0.202105311346/tools/bin/../lib/gcc/arm-none-eabi/9.3.1/../../../../arm-none-eabi/lib/thumb/v7-m/nofp\libc_nano.a(lib_a-memchr-stub.o)
                0x00000000080039c4                memchr
 .text.memcpy   0x00000000080039e0       0x1c c:/st/stm32cubeide_1.7.0/stm32cubeide/plugins/com.st.stm32cube.ide.mcu.externaltools.gnu-tools-for-stm32.9-2020-q2-update.win32_2.0.0.202105311346/tools/bin/../lib/gcc/arm-none-eabi/9.3.1/../../../../arm-none-eabi/lib/thumb/v7-m/nofp\libc_nano.a(lib_a-memcpy-stub.o)
                0x00000000080039e0                memcpy
 .text.memmove  0x00000000080039fc       0x34 c:/st/stm32cubeide_1.7.0/stm32cubeide/plugins/com.st.stm32cube.ide.mcu.externaltools.gnu-tools-for-stm32.9-2020-q2-update.win32_2.0.0.202105311346/tools/bin/../lib/gcc/arm-none-eabi/9.3.1/../../../../arm-none-eabi/lib/thumb/v7-m/nofp\libc_nano.a(lib_a-memmove.o)
                0x00000000080039fc                memmove
 .text._free_r  0x0000000008003a30       0x98 c:/st/stm32cubeide_1.7.0/stm32cubeide/plugins/com.st.stm32cube.ide.mcu.externaltools.gnu-tools-for-stm32.9-2020-q2-update.win32_2.0.0.202105311346/tools/bin/../lib/gcc/arm-none-eabi/9.3.1/../../../../arm-none-eabi/lib/thumb/v7-m/nofp\libc_nano.a(lib_a-nano-freer.o)
                0x0000000008003a30                _free_r
 .text._malloc_r
                0x0000000008003ac8       0xb4 c:/st/stm32cubeide_1.7.0/stm32cubeide/plugins/com.st.stm32cube.ide.mcu.externaltools.gnu-tools-for-stm32.9-2020-q2-update.win32_2.0.0.202105311346/tools/bin/../lib/gcc/arm-none-eabi/9.3.1/../../../../arm-none-eabi/lib/thumb/v7-m/nofp\libc_nano.a(lib_a-nano-mallocr.o)
                0x0000000008003ac8                _malloc_r
 .text._realloc_r
                0x0000000008003b7c       0x4c c:/st/stm32cubeide_1.7.0/stm32cubeide/plugins/com.st.stm32cube.ide.mcu.externaltools.gnu-tools-for-stm32.9-2020-q2-update.win32_2.0.0.202105311346/tools/bin/../lib/gcc/arm-none-eabi/9.3.1/../../../../arm-none-eabi/lib/thumb/v7-m/nofp\libc_nano.a(lib_a-nano-reallocr.o)
                0x0000000008003b7c                _realloc_r
 .text._sbrk_r  0x0000000008003bc8       0x20 c:/st/stm32cubeide_1.7.0/stm32cubeide/plugins/com.st.stm32cube.ide.mcu.externaltools.gnu-tools-for-stm32.9-2020-q2-update.win32_2.0.0.202105311346/tools/bin/../lib/gcc/arm-none-eabi/9.3.1/../../../../arm-none-eabi/lib/thumb/v7-m/nofp\libc_nano.a(lib_a-sbrkr.o)
                0x0000000008003bc8                _sbrk_r
 .text.__malloc_lock
                0x0000000008003be8        0xc c:/st/stm32cubeide_1.7.0/stm32cubeide/plugins/com.st.stm32cube.ide.mcu.externaltools.gnu-tools-for-stm32.9-2020-q2-update.win32_2.0.0.202105311346/tools/bin/../lib/gcc/arm-none-eabi/9.3.1/../../../../arm-none-eabi/lib/thumb/v7-m/nofp\libc_nano.a(lib_a-mlock.o)
                0x0000000008003be8                __malloc_lock
 .text.__malloc_unlock
                0x0000000008003bf4        0xc c:/st/stm32cubeide_1.7.0/stm32cubeide/plugins/com.st.stm32cube.ide.mcu.externaltools.gnu-tools-for-stm32.9-2020-q2-update.win32_2.0.0.202105311346/tools/bin/../lib/gcc/arm-none-eabi/9.3.1/../../../../arm-none-eabi/lib/thumb/v7-m/nofp\libc_nano.a(lib_a-mlock.o)
                0x0000000008003bf4                __malloc_unlock
 .text._malloc_usable_size_r
                0x0000000008003c00       0x10 c:/st/stm32cubeide_1.7.0/stm32cubeide/plugins/com.st.stm32cube.ide.mcu.externaltools.gnu-tools-for-stm32.9-2020-q2-update.win32_2.0.0.202105311346/tools/bin/../lib/gcc/arm-none-eabi/9.3.1/../../../../arm-none-eabi/lib/thumb/v7-m/nofp\libc_nano.a(lib_a-nano-msizer.o)
                0x0000000008003c00                _malloc_usable_size_r
 .text.__retarget_lock_acquire_recursive
                0x0000000008003c10        0x2 c:/st/stm32cubeide_1.7.0/stm32cubeide/plugins/com.st.stm32cube.ide.mcu.externaltools.gnu-tools-for-stm32.9-2020-q2-update.win32_2.0.0.202105311346/tools/bin/../lib/gcc/arm-none-eabi/9.3.1/../../../../arm-none-eabi/lib/thumb/v7-m/nofp\libc_nano.a(lib_a-lock.o)
                0x0000000008003c10                __retarget_lock_acquire_recursive
 .text.__retarget_lock_release_recursive
                0x0000000008003c12        0x2 c:/st/stm32cubeide_1.7.0/stm32cubeide/plugins/com.st.stm32cube.ide.mcu.externaltools.gnu-tools-for-stm32.9-2020-q2-update.win32_2.0.0.202105311346/tools/bin/../lib/gcc/arm-none-eabi/9.3.1/../../../../arm-none-eabi/lib/thumb/v7-m/nofp\libc_nano.a(lib_a-lock.o)
                0x0000000008003c12                __retarget_lock_release_recursive
 *(.glue_7)
 .glue_7        0x0000000008003c14        0x0 linker stubs
 *(.glue_7t)
 .glue_7t       0x0000000008003c14        0x0 linker stubs
 *(.eh_frame)
 .eh_frame      0x0000000008003c14        0x0 c:/st/stm32cubeide_1.7.0/stm32cubeide/plugins/com.st.stm32cube.ide.mcu.externaltools.gnu-tools-for-stm32.9-2020-q2-update.win32_2.0.0.202105311346/tools/bin/../lib/gcc/arm-none-eabi/9.3.1/thumb/v7-m/nofp/crtbegin.o
 *(.init)
 .init          0x0000000008003c14        0x4 c:/st/stm32cubeide_1.7.0/stm32cubeide/plugins/com.st.stm32cube.ide.mcu.externaltools.gnu-tools-for-stm32.9-2020-q2-update.win32_2.0.0.202105311346/tools/bin/../lib/gcc/arm-none-eabi/9.3.1/thumb/v7-m/nofp/crti.o
                0x0000000008003c14                _init
 .init          0x0000000008003c18        0x8 c:/st/stm32cubeide_1.7.0/stm32cubeide/plugins/com.st.stm32cube.ide.mcu.externaltools.gnu-tools-for-stm32.9-2020-q2-update.win32_2.0.0.202105311346/tools/bin/../lib/gcc/arm-none-eabi/9.3.1/thumb/v7-m/nofp/crtn.o
 *(.fini)
 .fini          0x0000000008003c20        0x4 c:/st/stm32cubeide_1.7.0/stm32cubeide/plugins/com.st.stm32cube.ide.mcu.externaltools.gnu-tools-for-stm32.9-2020-q2-update.win32_2.0.0.202105311346/tools/bin/../lib/gcc/arm-none-eabi/9.3.1/thumb/v7-m/nofp/crti.o
                0x0000000008003c20                _fini
 .fini          0x0000000008003c24        0x8 c:/st/stm32cubeide_1.7.0/stm32cubeide/plugins/com.st.stm32cube.ide.mcu.externaltools.gnu-tools-for-stm32.9-2020-q2-update.win32_2.0.0.202105311346/tools/bin/../lib/gcc/arm-none-eabi/9.3.1/thumb/v7-m/nofp/crtn.o
                0x0000000008003c2c                . = ALIGN (0x4)
                0x0000000008003c2c                _etext = .

.vfp11_veneer   0x0000000008003c2c        0x0
 .vfp11_veneer  0x0000000008003c2c        0x0 linker stubs

.v4_bx          0x0000000008003c2c        0x0
 .v4_bx         0x0000000008003c2c        0x0 linker stubs

.iplt           0x0000000008003c2c        0x0
 .iplt          0x0000000008003c2c        0x0 c:/st/stm32cubeide_1.7.0/stm32cubeide/plugins/com.st.stm32cube.ide.mcu.externaltools.gnu-tools-for-stm32.9-2020-q2-update.win32_2.0.0.202105311346/tools/bin/../lib/gcc/arm-none-eabi/9.3.1/thumb/v7-m/nofp/crtbegin.o

.rodata         0x0000000008003c2c       0xec
                0x0000000008003c2c                . = ALIGN (0x4)
 *(.rodata)
 .rodata        0x0000000008003c2c       0x38 build/auto_fsm.o
 .rodata        0x0000000008003c64        0xe build/manual_fsm.o
 *fill*         0x0000000008003c72        0x2 
 .rodata        0x0000000008003c74       0x45 build/setting_fsm.o
 *fill*         0x0000000008003cb9        0x3 
 .rodata        0x0000000008003cbc       0x10 build/stm32f1xx_hal_rcc.o
 *(.rodata*)
 .rodata.AHBPrescTable
                0x0000000008003ccc       0x10 build/system_stm32f1xx.o
                0x0000000008003ccc                AHBPrescTable
 .rodata.APBPrescTable
                0x0000000008003cdc        0x8 build/system_stm32f1xx.o
                0x0000000008003cdc                APBPrescTable
 .rodata._svfprintf_r.str1.1
                0x0000000008003ce4       0x11 c:/st/stm32cubeide_1.7.0/stm32cubeide/plugins/com.st.stm32cube.ide.mcu.externaltools.gnu-tools-for-stm32.9-2020-q2-update.win32_2.0.0.202105311346/tools/bin/../lib/gcc/arm-none-eabi/9.3.1/../../../../arm-none-eabi/lib/thumb/v7-m/nofp\libc_nano.a(lib_a-nano-svfprintf.o)
 .rodata._printf_i.str1.1
                0x0000000008003cf5       0x22 c:/st/stm32cubeide_1.7.0/stm32cubeide/plugins/com.st.stm32cube.ide.mcu.externaltools.gnu-tools-for-stm32.9-2020-q2-update.win32_2.0.0.202105311346/tools/bin/../lib/gcc/arm-none-eabi/9.3.1/../../../../arm-none-eabi/lib/thumb/v7-m/nofp\libc_nano.a(lib_a-nano-vfprintf_i.o)
                0x0000000008003d18                . = ALIGN (0x4)
 *fill*         0x0000000008003d17        0x1 

.rel.dyn        0x0000000008003d18        0x0
 .rel.iplt      0x0000000008003d18        0x0 c:/st/stm32cubeide_1.7.0/stm32cubeide/plugins/com.st.stm32cube.ide.mcu.externaltools.gnu-tools-for-stm32.9-2020-q2-update.win32_2.0.0.202105311346/tools/bin/../lib/gcc/arm-none-eabi/9.3.1/thumb/v7-m/nofp/crtbegin.o

.ARM.extab      0x0000000008003d18        0x0
                0x0000000008003d18                . = ALIGN (0x4)
 *(.ARM.extab* .gnu.linkonce.armextab.*)
                0x0000000008003d18                . = ALIGN (0x4)

.ARM            0x0000000008003d18        0x0
                0x0000000008003d18                . = ALIGN (0x4)
                0x0000000008003d18                __exidx_start = .
 *(.ARM.exidx*)
                0x0000000008003d18                __exidx_end = .
                0x0000000008003d18                . = ALIGN (0x4)

.preinit_array  0x0000000008003d18        0x0
                0x0000000008003d18                . = ALIGN (0x4)
                0x0000000008003d18                PROVIDE (__preinit_array_start = .)
 *(.preinit_array*)
                0x0000000008003d18                PROVIDE (__preinit_array_end = .)
                0x0000000008003d18                . = ALIGN (0x4)

.init_array     0x0000000008003d18        0x4
                0x0000000008003d18                . = ALIGN (0x4)
                0x0000000008003d18                PROVIDE (__init_array_start = .)
 *(SORT_BY_NAME(.init_array.*))
 *(.init_array*)
 .init_array    0x0000000008003d18        0x4 c:/st/stm32cubeide_1.7.0/stm32cubeide/plugins/com.st.stm32cube.ide.mcu.externaltools.gnu-tools-for-stm32.9-2020-q2-update.win32_2.0.0.202105311346/tools/bin/../lib/gcc/arm-none-eabi/9.3.1/thumb/v7-m/nofp/crtbegin.o
                0x0000000008003d1c                PROVIDE (__init_array_end = .)
                0x0000000008003d1c                . = ALIGN (0x4)

.fini_array     0x0000000008003d1c        0x4
                0x0000000008003d1c                . = ALIGN (0x4)
                [!provide]                        PROVIDE (__fini_array_start = .)
 *(SORT_BY_NAME(.fini_array.*))
 *(.fini_array*)
 .fini_array    0x0000000008003d1c        0x4 c:/st/stm32cubeide_1.7.0/stm32cubeide/plugins/com.st.stm32cube.ide.mcu.externaltools.gnu-tools-for-stm32.9-2020-q2-update.win32_2.0.0.202105311346/tools/bin/../lib/gcc/arm-none-eabi/9.3.1/thumb/v7-m/nofp/crtbegin.o
                [!provide]                        PROVIDE (__fini_array_end = .)
                0x0000000008003d20                . = ALIGN (0x4)
                0x0000000008003d20                _sidata = LOADADDR (.data)

.data           0x0000000020000000       0xbc load address 0x0000000008003d20
                0x0000000020000000                . = ALIGN (0x4)
                0x0000000020000000                _sdata = .
 *(.data)
 *(.data*)
 .data.manual_state
                0x0000000020000000        0x4 build/global.o
                0x0000000020000000                manual_state
 .data.pedes_state
                0x0000000020000004        0x4 build/global.o
                0x0000000020000004                pedes_state
 .data.KeyReg0  0x0000000020000008       0x10 build/input_reading.o
                0x0000000020000008                KeyReg0
 .data.KeyReg1  0x0000000020000018       0x10 build/input_reading.o
                0x0000000020000018                KeyReg1
 .data.KeyReg2  0x0000000020000028       0x10 build/input_reading.o
                0x0000000020000028                KeyReg2
 .data.KeyReg3  0x0000000020000038       0x10 build/input_reading.o
                0x0000000020000038                KeyReg3
 .data.TimeForKeyPress
                0x0000000020000048        0x4 build/input_reading.o
                0x0000000020000048                TimeForKeyPress
 .data.SystemCoreClock
                0x000000002000004c        0x4 build/system_stm32f1xx.o
                0x000000002000004c                SystemCoreClock
 .data.uwTickPrio
                0x0000000020000050        0x4 build/stm32f1xx_hal.o
                0x0000000020000050                uwTickPrio
 .data.uwTickFreq
                0x0000000020000054        0x1 build/stm32f1xx_hal.o
                0x0000000020000054                uwTickFreq
 *fill*         0x0000000020000055        0x3 
 .data._impure_ptr
                0x0000000020000058        0x4 c:/st/stm32cubeide_1.7.0/stm32cubeide/plugins/com.st.stm32cube.ide.mcu.externaltools.gnu-tools-for-stm32.9-2020-q2-update.win32_2.0.0.202105311346/tools/bin/../lib/gcc/arm-none-eabi/9.3.1/../../../../arm-none-eabi/lib/thumb/v7-m/nofp\libc_nano.a(lib_a-impure.o)
                0x0000000020000058                _impure_ptr
 .data.impure_data
                0x000000002000005c       0x60 c:/st/stm32cubeide_1.7.0/stm32cubeide/plugins/com.st.stm32cube.ide.mcu.externaltools.gnu-tools-for-stm32.9-2020-q2-update.win32_2.0.0.202105311346/tools/bin/../lib/gcc/arm-none-eabi/9.3.1/../../../../arm-none-eabi/lib/thumb/v7-m/nofp\libc_nano.a(lib_a-impure.o)
 *(.RamFunc)
 *(.RamFunc*)
                0x00000000200000bc                . = ALIGN (0x4)
                0x00000000200000bc                _edata = .

.igot.plt       0x00000000200000bc        0x0 load address 0x0000000008003ddc
 .igot.plt      0x00000000200000bc        0x0 c:/st/stm32cubeide_1.7.0/stm32cubeide/plugins/com.st.stm32cube.ide.mcu.externaltools.gnu-tools-for-stm32.9-2020-q2-update.win32_2.0.0.202105311346/tools/bin/../lib/gcc/arm-none-eabi/9.3.1/thumb/v7-m/nofp/crtbegin.o
                0x00000000200000bc                . = ALIGN (0x4)

.bss            0x00000000200000bc      0x178 load address 0x0000000008003ddc
                0x00000000200000bc                _sbss = .
                0x00000000200000bc                __bss_start__ = _sbss
 *(.bss)
 .bss           0x00000000200000bc       0x1c c:/st/stm32cubeide_1.7.0/stm32cubeide/plugins/com.st.stm32cube.ide.mcu.externaltools.gnu-tools-for-stm32.9-2020-q2-update.win32_2.0.0.202105311346/tools/bin/../lib/gcc/arm-none-eabi/9.3.1/thumb/v7-m/nofp/crtbegin.o
 *(.bss*)
 .bss.counter1  0x00000000200000d8        0x4 build/global.o
                0x00000000200000d8                counter1
 .bss.red_duration
                0x00000000200000dc        0x4 build/global.o
                0x00000000200000dc                red_duration
 .bss.green_duration
                0x00000000200000e0        0x4 build/global.o
                0x00000000200000e0                green_duration
 .bss.yellow_duration
                0x00000000200000e4        0x4 build/global.o
                0x00000000200000e4                yellow_duration
 .bss.state     0x00000000200000e8        0x4 build/global.o
                0x00000000200000e8                state
 .bss.button_flag
                0x00000000200000ec       0x10 build/input_reading.o
                0x00000000200000ec                button_flag
 .bss.timer1_flag
                0x00000000200000fc        0x4 build/software_timer.o
                0x00000000200000fc                timer1_flag
 .bss.timer1_counter
                0x0000000020000100        0x4 build/software_timer.o
                0x0000000020000100                timer1_counter
 .bss.timer2_flag
                0x0000000020000104        0x4 build/software_timer.o
                0x0000000020000104                timer2_flag
 .bss.timer2_counter
                0x0000000020000108        0x4 build/software_timer.o
                0x0000000020000108                timer2_counter
 .bss.__sbrk_heap_end
                0x000000002000010c        0x4 build/sysmem.o
 .bss.__malloc_free_list
                0x0000000020000110        0x4 c:/st/stm32cubeide_1.7.0/stm32cubeide/plugins/com.st.stm32cube.ide.mcu.externaltools.gnu-tools-for-stm32.9-2020-q2-update.win32_2.0.0.202105311346/tools/bin/../lib/gcc/arm-none-eabi/9.3.1/../../../../arm-none-eabi/lib/thumb/v7-m/nofp\libc_nano.a(lib_a-nano-mallocr.o)
                0x0000000020000110                __malloc_free_list
 .bss.__malloc_sbrk_start
                0x0000000020000114        0x4 c:/st/stm32cubeide_1.7.0/stm32cubeide/plugins/com.st.stm32cube.ide.mcu.externaltools.gnu-tools-for-stm32.9-2020-q2-update.win32_2.0.0.202105311346/tools/bin/../lib/gcc/arm-none-eabi/9.3.1/../../../../arm-none-eabi/lib/thumb/v7-m/nofp\libc_nano.a(lib_a-nano-mallocr.o)
                0x0000000020000114                __malloc_sbrk_start
 *(COMMON)
 COMMON         0x0000000020000118       0x32 build/auto_fsm.o
                0x0000000020000118                str
 *fill*         0x000000002000014a        0x2 
 COMMON         0x000000002000014c       0xd4 build/main.o
                0x000000002000014c                htim3
                0x0000000020000194                htim2
                0x00000000200001dc                huart2
 COMMON         0x0000000020000220        0x4 build/stm32f1xx_hal.o
                0x0000000020000220                uwTick
 COMMON         0x0000000020000224        0x4 c:/st/stm32cubeide_1.7.0/stm32cubeide/plugins/com.st.stm32cube.ide.mcu.externaltools.gnu-tools-for-stm32.9-2020-q2-update.win32_2.0.0.202105311346/tools/bin/../lib/gcc/arm-none-eabi/9.3.1/../../../../arm-none-eabi/lib/thumb/v7-m/nofp\libc_nano.a(lib_a-reent.o)
                0x0000000020000224                errno
 COMMON         0x0000000020000228        0x9 c:/st/stm32cubeide_1.7.0/stm32cubeide/plugins/com.st.stm32cube.ide.mcu.externaltools.gnu-tools-for-stm32.9-2020-q2-update.win32_2.0.0.202105311346/tools/bin/../lib/gcc/arm-none-eabi/9.3.1/../../../../arm-none-eabi/lib/thumb/v7-m/nofp\libc_nano.a(lib_a-lock.o)
                0x0000000020000228                __lock___atexit_recursive_mutex
                0x0000000020000229                __lock___arc4random_mutex
                0x000000002000022a                __lock___env_recursive_mutex
                0x000000002000022b                __lock___sinit_recursive_mutex
                0x000000002000022c                __lock___malloc_recursive_mutex
                0x000000002000022d                __lock___at_quick_exit_mutex
                0x000000002000022e                __lock___dd_hash_mutex
                0x000000002000022f                __lock___tz_mutex
                0x0000000020000230                __lock___sfp_recursive_mutex
                0x0000000020000234                . = ALIGN (0x4)
 *fill*         0x0000000020000231        0x3 
                0x0000000020000234                _ebss = .
                0x0000000020000234                __bss_end__ = _ebss

._user_heap_stack
                0x0000000020000234      0x604 load address 0x0000000008003ddc
                0x0000000020000238                . = ALIGN (0x8)
 *fill*         0x0000000020000234        0x4 
                [!provide]                        PROVIDE (end = .)
                0x0000000020000238                PROVIDE (_end = .)
                0x0000000020000438                . = (. + _Min_Heap_Size)
 *fill*         0x0000000020000238      0x200 
                0x0000000020000838                . = (. + _Min_Stack_Size)
 *fill*         0x0000000020000438      0x400 
                0x0000000020000838                . = ALIGN (0x8)

/DISCARD/
 libc.a(*)
 libm.a(*)
 libgcc.a(*)

.ARM.attributes
                0x0000000000000000       0x29
 *(.ARM.attributes)
 .ARM.attributes
                0x0000000000000000       0x1d c:/st/stm32cubeide_1.7.0/stm32cubeide/plugins/com.st.stm32cube.ide.mcu.externaltools.gnu-tools-for-stm32.9-2020-q2-update.win32_2.0.0.202105311346/tools/bin/../lib/gcc/arm-none-eabi/9.3.1/thumb/v7-m/nofp/crti.o
 .ARM.attributes
                0x000000000000001d       0x2d c:/st/stm32cubeide_1.7.0/stm32cubeide/plugins/com.st.stm32cube.ide.mcu.externaltools.gnu-tools-for-stm32.9-2020-q2-update.win32_2.0.0.202105311346/tools/bin/../lib/gcc/arm-none-eabi/9.3.1/thumb/v7-m/nofp/crtbegin.o
 .ARM.attributes
                0x000000000000004a       0x2d build/auto_fsm.o
 .ARM.attributes
                0x0000000000000077       0x33 build/global.o
 .ARM.attributes
                0x00000000000000aa       0x2d build/hardware_layer.o
 .ARM.attributes
                0x00000000000000d7       0x2d build/input_reading.o
 .ARM.attributes
                0x0000000000000104       0x2d build/main.o
 .ARM.attributes
                0x0000000000000131       0x2d build/manual_fsm.o
 .ARM.attributes
                0x000000000000015e       0x2d build/pedes_fsm.o
 .ARM.attributes
                0x000000000000018b       0x2d build/setting_fsm.o
 .ARM.attributes
                0x00000000000001b8       0x2d build/software_timer.o
 .ARM.attributes
                0x00000000000001e5       0x2d build/stm32f1xx_hal_msp.o
 .ARM.attributes
                0x0000000000000212       0x2d build/stm32f1xx_it.o
 .ARM.attributes
                0x000000000000023f       0x2d build/sysmem.o
 .ARM.attributes
                0x000000000000026c       0x2d build/system_stm32f1xx.o
 .ARM.attributes
                0x0000000000000299       0x2d build/stm32f1xx_hal.o
 .ARM.attributes
                0x00000000000002c6       0x2d build/stm32f1xx_hal_cortex.o
 .ARM.attributes
                0x00000000000002f3       0x2d build/stm32f1xx_hal_gpio.o
 .ARM.attributes
                0x0000000000000320       0x2d build/stm32f1xx_hal_rcc.o
 .ARM.attributes
                0x000000000000034d       0x2d build/stm32f1xx_hal_tim.o
 .ARM.attributes
                0x000000000000037a       0x2d build/stm32f1xx_hal_tim_ex.o
 .ARM.attributes
                0x00000000000003a7       0x2d build/stm32f1xx_hal_uart.o
 .ARM.attributes
                0x00000000000003d4       0x21 build/startup_stm32f103rbtx.o
 .ARM.attributes
                0x00000000000003f5       0x2d c:/st/stm32cubeide_1.7.0/stm32cubeide/plugins/com.st.stm32cube.ide.mcu.externaltools.gnu-tools-for-stm32.9-2020-q2-update.win32_2.0.0.202105311346/tools/bin/../lib/gcc/arm-none-eabi/9.3.1/../../../../arm-none-eabi/lib/thumb/v7-m/nofp\libc_nano.a(lib_a-errno.o)
 .ARM.attributes
                0x0000000000000422       0x2d c:/st/stm32cubeide_1.7.0/stm32cubeide/plugins/com.st.stm32cube.ide.mcu.externaltools.gnu-tools-for-stm32.9-2020-q2-update.win32_2.0.0.202105311346/tools/bin/../lib/gcc/arm-none-eabi/9.3.1/../../../../arm-none-eabi/lib/thumb/v7-m/nofp\libc_nano.a(lib_a-impure.o)
 .ARM.attributes
                0x000000000000044f       0x2d c:/st/stm32cubeide_1.7.0/stm32cubeide/plugins/com.st.stm32cube.ide.mcu.externaltools.gnu-tools-for-stm32.9-2020-q2-update.win32_2.0.0.202105311346/tools/bin/../lib/gcc/arm-none-eabi/9.3.1/../../../../arm-none-eabi/lib/thumb/v7-m/nofp\libc_nano.a(lib_a-init.o)
 .ARM.attributes
                0x000000000000047c       0x2d c:/st/stm32cubeide_1.7.0/stm32cubeide/plugins/com.st.stm32cube.ide.mcu.externaltools.gnu-tools-for-stm32.9-2020-q2-update.win32_2.0.0.202105311346/tools/bin/../lib/gcc/arm-none-eabi/9.3.1/../../../../arm-none-eabi/lib/thumb/v7-m/nofp\libc_nano.a(lib_a-memset.o)
 .ARM.attributes
                0x00000000000004a9       0x2d c:/st/stm32cubeide_1.7.0/stm32cubeide/plugins/com.st.stm32cube.ide.mcu.externaltools.gnu-tools-for-stm32.9-2020-q2-update.win32_2.0.0.202105311346/tools/bin/../lib/gcc/arm-none-eabi/9.3.1/../../../../arm-none-eabi/lib/thumb/v7-m/nofp\libc_nano.a(lib_a-sprintf.o)
 .ARM.attributes
                0x00000000000004d6       0x2d c:/st/stm32cubeide_1.7.0/stm32cubeide/plugins/com.st.stm32cube.ide.mcu.externaltools.gnu-tools-for-stm32.9-2020-q2-update.win32_2.0.0.202105311346/tools/bin/../lib/gcc/arm-none-eabi/9.3.1/../../../../arm-none-eabi/lib/thumb/v7-m/nofp\libc_nano.a(lib_a-nano-svfprintf.o)
 .ARM.attributes
                0x0000000000000503       0x2d c:/st/stm32cubeide_1.7.0/stm32cubeide/plugins/com.st.stm32cube.ide.mcu.externaltools.gnu-tools-for-stm32.9-2020-q2-update.win32_2.0.0.202105311346/tools/bin/../lib/gcc/arm-none-eabi/9.3.1/../../../../arm-none-eabi/lib/thumb/v7-m/nofp\libc_nano.a(lib_a-nano-vfprintf_i.o)
 .ARM.attributes
                0x0000000000000530       0x2d c:/st/stm32cubeide_1.7.0/stm32cubeide/plugins/com.st.stm32cube.ide.mcu.externaltools.gnu-tools-for-stm32.9-2020-q2-update.win32_2.0.0.202105311346/tools/bin/../lib/gcc/arm-none-eabi/9.3.1/../../../../arm-none-eabi/lib/thumb/v7-m/nofp\libc_nano.a(lib_a-memchr-stub.o)
 .ARM.attributes
                0x000000000000055d       0x2d c:/st/stm32cubeide_1.7.0/stm32cubeide/plugins/com.st.stm32cube.ide.mcu.externaltools.gnu-tools-for-stm32.9-2020-q2-update.win32_2.0.0.202105311346/tools/bin/../lib/gcc/arm-none-eabi/9.3.1/../../../../arm-none-eabi/lib/thumb/v7-m/nofp\libc_nano.a(lib_a-memcpy-stub.o)
 .ARM.attributes
                0x000000000000058a       0x2d c:/st/stm32cubeide_1.7.0/stm32cubeide/plugins/com.st.stm32cube.ide.mcu.externaltools.gnu-tools-for-stm32.9-2020-q2-update.win32_2.0.0.202105311346/tools/bin/../lib/gcc/arm-none-eabi/9.3.1/../../../../arm-none-eabi/lib/thumb/v7-m/nofp\libc_nano.a(lib_a-memmove.o)
 .ARM.attributes
                0x00000000000005b7       0x2d c:/st/stm32cubeide_1.7.0/stm32cubeide/plugins/com.st.stm32cube.ide.mcu.externaltools.gnu-tools-for-stm32.9-2020-q2-update.win32_2.0.0.202105311346/tools/bin/../lib/gcc/arm-none-eabi/9.3.1/../../../../arm-none-eabi/lib/thumb/v7-m/nofp\libc_nano.a(lib_a-nano-freer.o)
 .ARM.attributes
                0x00000000000005e4       0x2d c:/st/stm32cubeide_1.7.0/stm32cubeide/plugins/com.st.stm32cube.ide.mcu.externaltools.gnu-tools-for-stm32.9-2020-q2-update.win32_2.0.0.202105311346/tools/bin/../lib/gcc/arm-none-eabi/9.3.1/../../../../arm-none-eabi/lib/thumb/v7-m/nofp\libc_nano.a(lib_a-nano-mallocr.o)
 .ARM.attributes
                0x0000000000000611       0x2d c:/st/stm32cubeide_1.7.0/stm32cubeide/plugins/com.st.stm32cube.ide.mcu.externaltools.gnu-tools-for-stm32.9-2020-q2-update.win32_2.0.0.202105311346/tools/bin/../lib/gcc/arm-none-eabi/9.3.1/../../../../arm-none-eabi/lib/thumb/v7-m/nofp\libc_nano.a(lib_a-nano-reallocr.o)
 .ARM.attributes
                0x000000000000063e       0x2d c:/st/stm32cubeide_1.7.0/stm32cubeide/plugins/com.st.stm32cube.ide.mcu.externaltools.gnu-tools-for-stm32.9-2020-q2-update.win32_2.0.0.202105311346/tools/bin/../lib/gcc/arm-none-eabi/9.3.1/../../../../arm-none-eabi/lib/thumb/v7-m/nofp\libc_nano.a(lib_a-sbrkr.o)
 .ARM.attributes
                0x000000000000066b       0x2d c:/st/stm32cubeide_1.7.0/stm32cubeide/plugins/com.st.stm32cube.ide.mcu.externaltools.gnu-tools-for-stm32.9-2020-q2-update.win32_2.0.0.202105311346/tools/bin/../lib/gcc/arm-none-eabi/9.3.1/../../../../arm-none-eabi/lib/thumb/v7-m/nofp\libc_nano.a(lib_a-mlock.o)
 .ARM.attributes
                0x0000000000000698       0x2d c:/st/stm32cubeide_1.7.0/stm32cubeide/plugins/com.st.stm32cube.ide.mcu.externaltools.gnu-tools-for-stm32.9-2020-q2-update.win32_2.0.0.202105311346/tools/bin/../lib/gcc/arm-none-eabi/9.3.1/../../../../arm-none-eabi/lib/thumb/v7-m/nofp\libc_nano.a(lib_a-nano-msizer.o)
 .ARM.attributes
                0x00000000000006c5       0x2d c:/st/stm32cubeide_1.7.0/stm32cubeide/plugins/com.st.stm32cube.ide.mcu.externaltools.gnu-tools-for-stm32.9-2020-q2-update.win32_2.0.0.202105311346/tools/bin/../lib/gcc/arm-none-eabi/9.3.1/../../../../arm-none-eabi/lib/thumb/v7-m/nofp\libc_nano.a(lib_a-reent.o)
 .ARM.attributes
                0x00000000000006f2       0x2d c:/st/stm32cubeide_1.7.0/stm32cubeide/plugins/com.st.stm32cube.ide.mcu.externaltools.gnu-tools-for-stm32.9-2020-q2-update.win32_2.0.0.202105311346/tools/bin/../lib/gcc/arm-none-eabi/9.3.1/../../../../arm-none-eabi/lib/thumb/v7-m/nofp\libc_nano.a(lib_a-lock.o)
 .ARM.attributes
                0x000000000000071f       0x1d c:/st/stm32cubeide_1.7.0/stm32cubeide/plugins/com.st.stm32cube.ide.mcu.externaltools.gnu-tools-for-stm32.9-2020-q2-update.win32_2.0.0.202105311346/tools/bin/../lib/gcc/arm-none-eabi/9.3.1/thumb/v7-m/nofp/crtn.o
OUTPUT(build/stm32_f103rbt6.elf elf32-littlearm)
LOAD linker stubs
LOAD c:/st/stm32cubeide_1.7.0/stm32cubeide/plugins/com.st.stm32cube.ide.mcu.externaltools.gnu-tools-for-stm32.9-2020-q2-update.win32_2.0.0.202105311346/tools/bin/../lib/gcc/arm-none-eabi/9.3.1/../../../../arm-none-eabi/lib/thumb/v7-m/nofp\libc.a
LOAD c:/st/stm32cubeide_1.7.0/stm32cubeide/plugins/com.st.stm32cube.ide.mcu.externaltools.gnu-tools-for-stm32.9-2020-q2-update.win32_2.0.0.202105311346/tools/bin/../lib/gcc/arm-none-eabi/9.3.1/../../../../arm-none-eabi/lib/thumb/v7-m/nofp\libm.a
LOAD c:/st/stm32cubeide_1.7.0/stm32cubeide/plugins/com.st.stm32cube.ide.mcu.externaltools.gnu-tools-for-stm32.9-2020-q2-update.win32_2.0.0.202105311346/tools/bin/../lib/gcc/arm-none-eabi/9.3.1/thumb/v7-m/nofp\libgcc.a

.debug_info     0x0000000000000000    0x11110
 .debug_info    0x0000000000000000      0xfa0 build/auto_fsm.o
 .debug_info    0x0000000000000fa0      0x6f7 build/global.o
 .debug_info    0x0000000000001697      0xb3d build/hardware_layer.o
 .debug_info    0x00000000000021d4      0xc20 build/input_reading.o
 .debug_info    0x0000000000002df4     0x1855 build/main.o
 .debug_info    0x0000000000004649      0xf92 build/manual_fsm.o
 .debug_info    0x00000000000055db      0xf92 build/pedes_fsm.o
 .debug_info    0x000000000000656d      0xf92 build/setting_fsm.o
 .debug_info    0x00000000000074ff      0x12d build/software_timer.o
 .debug_info    0x000000000000762c      0xe80 build/stm32f1xx_hal_msp.o
 .debug_info    0x00000000000084ac      0x7b4 build/stm32f1xx_it.o
 .debug_info    0x0000000000008c60      0xa25 build/sysmem.o
 .debug_info    0x0000000000009685      0x260 build/system_stm32f1xx.o
 .debug_info    0x00000000000098e5      0x76a build/stm32f1xx_hal.o
 .debug_info    0x000000000000a04f      0xbdc build/stm32f1xx_hal_cortex.o
 .debug_info    0x000000000000ac2b      0x701 build/stm32f1xx_hal_gpio.o
 .debug_info    0x000000000000b32c      0x88e build/stm32f1xx_hal_rcc.o
 .debug_info    0x000000000000bbba     0x2a45 build/stm32f1xx_hal_tim.o
 .debug_info    0x000000000000e5ff     0x14d5 build/stm32f1xx_hal_tim_ex.o
 .debug_info    0x000000000000fad4     0x161a build/stm32f1xx_hal_uart.o
 .debug_info    0x00000000000110ee       0x22 build/startup_stm32f103rbtx.o

.debug_abbrev   0x0000000000000000     0x29d5
 .debug_abbrev  0x0000000000000000      0x226 build/auto_fsm.o
 .debug_abbrev  0x0000000000000226      0x14d build/global.o
 .debug_abbrev  0x0000000000000373      0x23c build/hardware_layer.o
 .debug_abbrev  0x00000000000005af      0x2a0 build/input_reading.o
 .debug_abbrev  0x000000000000084f      0x355 build/main.o
 .debug_abbrev  0x0000000000000ba4      0x217 build/manual_fsm.o
 .debug_abbrev  0x0000000000000dbb      0x217 build/pedes_fsm.o
 .debug_abbrev  0x0000000000000fd2      0x217 build/setting_fsm.o
 .debug_abbrev  0x00000000000011e9       0x8b build/software_timer.o
 .debug_abbrev  0x0000000000001274      0x1e4 build/stm32f1xx_hal_msp.o
 .debug_abbrev  0x0000000000001458      0x176 build/stm32f1xx_it.o
 .debug_abbrev  0x00000000000015ce      0x1fd build/sysmem.o
 .debug_abbrev  0x00000000000017cb      0x14e build/system_stm32f1xx.o
 .debug_abbrev  0x0000000000001919      0x1ed build/stm32f1xx_hal.o
 .debug_abbrev  0x0000000000001b06      0x313 build/stm32f1xx_hal_cortex.o
 .debug_abbrev  0x0000000000001e19      0x1e8 build/stm32f1xx_hal_gpio.o
 .debug_abbrev  0x0000000000002001      0x273 build/stm32f1xx_hal_rcc.o
 .debug_abbrev  0x0000000000002274      0x25e build/stm32f1xx_hal_tim.o
 .debug_abbrev  0x00000000000024d2      0x266 build/stm32f1xx_hal_tim_ex.o
 .debug_abbrev  0x0000000000002738      0x28b build/stm32f1xx_hal_uart.o
 .debug_abbrev  0x00000000000029c3       0x12 build/startup_stm32f103rbtx.o

.debug_aranges  0x0000000000000000      0xcc0
 .debug_aranges
                0x0000000000000000       0x20 build/auto_fsm.o
 .debug_aranges
                0x0000000000000020       0x18 build/global.o
 .debug_aranges
                0x0000000000000038       0x30 build/hardware_layer.o
 .debug_aranges
                0x0000000000000068       0x30 build/input_reading.o
 .debug_aranges
                0x0000000000000098       0x60 build/main.o
 .debug_aranges
                0x00000000000000f8       0x20 build/manual_fsm.o
 .debug_aranges
                0x0000000000000118       0x20 build/pedes_fsm.o
 .debug_aranges
                0x0000000000000138       0x20 build/setting_fsm.o
 .debug_aranges
                0x0000000000000158       0x38 build/software_timer.o
 .debug_aranges
                0x0000000000000190       0x58 build/stm32f1xx_hal_msp.o
 .debug_aranges
                0x00000000000001e8       0x68 build/stm32f1xx_it.o
 .debug_aranges
                0x0000000000000250       0x20 build/sysmem.o
 .debug_aranges
                0x0000000000000270       0x28 build/system_stm32f1xx.o
 .debug_aranges
                0x0000000000000298       0xe0 build/stm32f1xx_hal.o
 .debug_aranges
                0x0000000000000378      0x100 build/stm32f1xx_hal_cortex.o
 .debug_aranges
                0x0000000000000478       0x58 build/stm32f1xx_hal_gpio.o
 .debug_aranges
                0x00000000000004d0       0x90 build/stm32f1xx_hal_rcc.o
 .debug_aranges
                0x0000000000000560      0x3d0 build/stm32f1xx_hal_tim.o
 .debug_aranges
                0x0000000000000930      0x168 build/stm32f1xx_hal_tim_ex.o
 .debug_aranges
                0x0000000000000a98      0x200 build/stm32f1xx_hal_uart.o
 .debug_aranges
                0x0000000000000c98       0x28 build/startup_stm32f103rbtx.o

.debug_ranges   0x0000000000000000      0xba0
 .debug_ranges  0x0000000000000000       0x10 build/auto_fsm.o
 .debug_ranges  0x0000000000000010       0x20 build/hardware_layer.o
 .debug_ranges  0x0000000000000030       0x20 build/input_reading.o
 .debug_ranges  0x0000000000000050       0x50 build/main.o
 .debug_ranges  0x00000000000000a0       0x10 build/manual_fsm.o
 .debug_ranges  0x00000000000000b0       0x10 build/pedes_fsm.o
 .debug_ranges  0x00000000000000c0       0x10 build/setting_fsm.o
 .debug_ranges  0x00000000000000d0       0x28 build/software_timer.o
 .debug_ranges  0x00000000000000f8       0x48 build/stm32f1xx_hal_msp.o
 .debug_ranges  0x0000000000000140       0x58 build/stm32f1xx_it.o
 .debug_ranges  0x0000000000000198       0x10 build/sysmem.o
 .debug_ranges  0x00000000000001a8       0x18 build/system_stm32f1xx.o
 .debug_ranges  0x00000000000001c0       0xd0 build/stm32f1xx_hal.o
 .debug_ranges  0x0000000000000290       0xf0 build/stm32f1xx_hal_cortex.o
 .debug_ranges  0x0000000000000380       0x48 build/stm32f1xx_hal_gpio.o
 .debug_ranges  0x00000000000003c8       0x80 build/stm32f1xx_hal_rcc.o
 .debug_ranges  0x0000000000000448      0x3c0 build/stm32f1xx_hal_tim.o
 .debug_ranges  0x0000000000000808      0x158 build/stm32f1xx_hal_tim_ex.o
 .debug_ranges  0x0000000000000960      0x220 build/stm32f1xx_hal_uart.o
 .debug_ranges  0x0000000000000b80       0x20 build/startup_stm32f103rbtx.o

.debug_macro    0x0000000000000000    0x194da
 .debug_macro   0x0000000000000000      0x335 build/auto_fsm.o
 .debug_macro   0x0000000000000335      0xa9c build/auto_fsm.o
 .debug_macro   0x0000000000000dd1      0x21b build/auto_fsm.o
 .debug_macro   0x0000000000000fec       0x2e build/auto_fsm.o
 .debug_macro   0x000000000000101a       0x22 build/auto_fsm.o
 .debug_macro   0x000000000000103c       0x22 build/auto_fsm.o
 .debug_macro   0x000000000000105e       0x8e build/auto_fsm.o
 .debug_macro   0x00000000000010ec       0x51 build/auto_fsm.o
 .debug_macro   0x000000000000113d      0x103 build/auto_fsm.o
 .debug_macro   0x0000000000001240       0x6a build/auto_fsm.o
 .debug_macro   0x00000000000012aa      0x1df build/auto_fsm.o
 .debug_macro   0x0000000000001489       0x1c build/auto_fsm.o
 .debug_macro   0x00000000000014a5       0x22 build/auto_fsm.o
 .debug_macro   0x00000000000014c7       0xc3 build/auto_fsm.o
 .debug_macro   0x000000000000158a      0xd23 build/auto_fsm.o
 .debug_macro   0x00000000000022ad     0xe09e build/auto_fsm.o
 .debug_macro   0x000000000001034b       0x6d build/auto_fsm.o
 .debug_macro   0x00000000000103b8     0x3468 build/auto_fsm.o
 .debug_macro   0x0000000000013820      0x174 build/auto_fsm.o
 .debug_macro   0x0000000000013994       0x5c build/auto_fsm.o
 .debug_macro   0x00000000000139f0      0x5be build/auto_fsm.o
 .debug_macro   0x0000000000013fae      0x289 build/auto_fsm.o
 .debug_macro   0x0000000000014237      0x1cb build/auto_fsm.o
 .debug_macro   0x0000000000014402      0x114 build/auto_fsm.o
 .debug_macro   0x0000000000014516      0x1b2 build/auto_fsm.o
 .debug_macro   0x00000000000146c8       0x27 build/auto_fsm.o
 .debug_macro   0x00000000000146ef      0x136 build/auto_fsm.o
 .debug_macro   0x0000000000014825      0x1bc build/auto_fsm.o
 .debug_macro   0x00000000000149e1       0x34 build/auto_fsm.o
 .debug_macro   0x0000000000014a15       0x3c build/auto_fsm.o
 .debug_macro   0x0000000000014a51       0x57 build/auto_fsm.o
 .debug_macro   0x0000000000014aa8       0x88 build/auto_fsm.o
 .debug_macro   0x0000000000014b30      0x241 build/auto_fsm.o
 .debug_macro   0x0000000000014d71      0x141 build/auto_fsm.o
 .debug_macro   0x0000000000014eb2      0x8d1 build/auto_fsm.o
 .debug_macro   0x0000000000015783      0x279 build/auto_fsm.o
 .debug_macro   0x00000000000159fc       0x83 build/auto_fsm.o
 .debug_macro   0x0000000000015a7f       0x88 build/auto_fsm.o
 .debug_macro   0x0000000000015b07       0x46 build/auto_fsm.o
 .debug_macro   0x0000000000015b4d       0x1c build/auto_fsm.o
 .debug_macro   0x0000000000015b69       0x34 build/auto_fsm.o
 .debug_macro   0x0000000000015b9d       0x10 build/auto_fsm.o
 .debug_macro   0x0000000000015bad       0x64 build/auto_fsm.o
 .debug_macro   0x0000000000015c11       0x18 build/auto_fsm.o
 .debug_macro   0x0000000000015c29       0x35 build/auto_fsm.o
 .debug_macro   0x0000000000015c5e       0x34 build/auto_fsm.o
 .debug_macro   0x0000000000015c92       0x16 build/auto_fsm.o
 .debug_macro   0x0000000000015ca8       0x35 build/auto_fsm.o
 .debug_macro   0x0000000000015cdd      0x333 build/auto_fsm.o
 .debug_macro   0x0000000000016010       0x10 build/auto_fsm.o
 .debug_macro   0x0000000000016020       0x16 build/auto_fsm.o
 .debug_macro   0x0000000000016036       0x43 build/auto_fsm.o
 .debug_macro   0x0000000000016079       0x34 build/auto_fsm.o
 .debug_macro   0x00000000000160ad       0x10 build/auto_fsm.o
 .debug_macro   0x00000000000160bd       0x58 build/auto_fsm.o
 .debug_macro   0x0000000000016115      0x182 build/auto_fsm.o
 .debug_macro   0x0000000000016297       0x10 build/auto_fsm.o
 .debug_macro   0x00000000000162a7       0x1c build/auto_fsm.o
 .debug_macro   0x00000000000162c3       0x52 build/auto_fsm.o
 .debug_macro   0x0000000000016315       0x22 build/auto_fsm.o
 .debug_macro   0x0000000000016337       0x10 build/auto_fsm.o
 .debug_macro   0x0000000000016347       0x40 build/auto_fsm.o
 .debug_macro   0x0000000000016387       0xd5 build/auto_fsm.o
 .debug_macro   0x000000000001645c       0x1c build/auto_fsm.o
 .debug_macro   0x0000000000016478       0x3d build/auto_fsm.o
 .debug_macro   0x00000000000164b5       0x16 build/auto_fsm.o
 .debug_macro   0x00000000000164cb      0x16f build/auto_fsm.o
 .debug_macro   0x000000000001663a      0x1bc build/global.o
 .debug_macro   0x00000000000167f6      0x306 build/hardware_layer.o
 .debug_macro   0x0000000000016afc      0x24c build/input_reading.o
 .debug_macro   0x0000000000016d48       0x5e build/input_reading.o
 .debug_macro   0x0000000000016da6       0x94 build/input_reading.o
 .debug_macro   0x0000000000016e3a       0x57 build/input_reading.o
 .debug_macro   0x0000000000016e91      0x339 build/input_reading.o
 .debug_macro   0x00000000000171ca      0x1a9 build/input_reading.o
 .debug_macro   0x0000000000017373       0xbd build/input_reading.o
 .debug_macro   0x0000000000017430       0x56 build/input_reading.o
 .debug_macro   0x0000000000017486      0x353 build/main.o
 .debug_macro   0x00000000000177d9      0x335 build/manual_fsm.o
 .debug_macro   0x0000000000017b0e      0x335 build/pedes_fsm.o
 .debug_macro   0x0000000000017e43      0x335 build/setting_fsm.o
 .debug_macro   0x0000000000018178       0x1a build/software_timer.o
 .debug_macro   0x0000000000018192      0x1ad build/stm32f1xx_hal_msp.o
 .debug_macro   0x000000000001833f      0x1b7 build/stm32f1xx_it.o
 .debug_macro   0x00000000000184f6       0xec build/sysmem.o
 .debug_macro   0x00000000000185e2      0x23b build/sysmem.o
 .debug_macro   0x000000000001881d       0xc8 build/system_stm32f1xx.o
 .debug_macro   0x00000000000188e5      0x1c2 build/stm32f1xx_hal.o
 .debug_macro   0x0000000000018aa7      0x19e build/stm32f1xx_hal_cortex.o
 .debug_macro   0x0000000000018c45      0x209 build/stm32f1xx_hal_gpio.o
 .debug_macro   0x0000000000018e4e      0x1b0 build/stm32f1xx_hal_rcc.o
 .debug_macro   0x0000000000018ffe      0x19f build/stm32f1xx_hal_tim.o
 .debug_macro   0x000000000001919d      0x19e build/stm32f1xx_hal_tim_ex.o
 .debug_macro   0x000000000001933b      0x19f build/stm32f1xx_hal_uart.o

.debug_line     0x0000000000000000     0xeae9
 .debug_line    0x0000000000000000      0x8ad build/auto_fsm.o
 .debug_line    0x00000000000008ad      0x655 build/global.o
 .debug_line    0x0000000000000f02      0x7eb build/hardware_layer.o
 .debug_line    0x00000000000016ed      0x7b4 build/input_reading.o
 .debug_line    0x0000000000001ea1      0xa3c build/main.o
 .debug_line    0x00000000000028dd      0x80a build/manual_fsm.o
 .debug_line    0x00000000000030e7      0x885 build/pedes_fsm.o
 .debug_line    0x000000000000396c      0x880 build/setting_fsm.o
 .debug_line    0x00000000000041ec       0xe7 build/software_timer.o
 .debug_line    0x00000000000042d3      0x75f build/stm32f1xx_hal_msp.o
 .debug_line    0x0000000000004a32      0x747 build/stm32f1xx_it.o
 .debug_line    0x0000000000005179      0x430 build/sysmem.o
 .debug_line    0x00000000000055a9      0x4d9 build/system_stm32f1xx.o
 .debug_line    0x0000000000005a82      0x918 build/stm32f1xx_hal.o
 .debug_line    0x000000000000639a      0xb00 build/stm32f1xx_hal_cortex.o
 .debug_line    0x0000000000006e9a      0x9af build/stm32f1xx_hal_gpio.o
 .debug_line    0x0000000000007849      0xd26 build/stm32f1xx_hal_rcc.o
 .debug_line    0x000000000000856f     0x32c1 build/stm32f1xx_hal_tim.o
 .debug_line    0x000000000000b830     0x1840 build/stm32f1xx_hal_tim_ex.o
 .debug_line    0x000000000000d070     0x19f3 build/stm32f1xx_hal_uart.o
 .debug_line    0x000000000000ea63       0x86 build/startup_stm32f103rbtx.o

.debug_str      0x0000000000000000    0x8b091
 .debug_str     0x0000000000000000    0x87386 build/auto_fsm.o
                                      0x87764 (size before relaxing)
 .debug_str     0x0000000000087386       0x14 build/global.o
                                      0x83abe (size before relaxing)
 .debug_str     0x000000000008739a       0x76 build/hardware_layer.o
                                      0x87210 (size before relaxing)
 .debug_str     0x0000000000087410      0x897 build/input_reading.o
                                      0x86b2e (size before relaxing)
 .debug_str     0x0000000000087ca7      0x604 build/main.o
                                      0x87dfc (size before relaxing)
 .debug_str     0x00000000000882ab       0x23 build/manual_fsm.o
                                      0x8776a (size before relaxing)
 .debug_str     0x00000000000882ce       0x26 build/pedes_fsm.o
                                      0x8776c (size before relaxing)
 .debug_str     0x00000000000882f4       0x25 build/setting_fsm.o
                                      0x8776d (size before relaxing)
 .debug_str     0x0000000000088319       0x46 build/software_timer.o
                                       0x2e0f (size before relaxing)
 .debug_str     0x000000000008835f      0x364 build/stm32f1xx_hal_msp.o
                                      0x840fa (size before relaxing)
 .debug_str     0x00000000000886c3       0xcc build/stm32f1xx_it.o
                                      0x83b80 (size before relaxing)
 .debug_str     0x000000000008878f      0x4e8 build/sysmem.o
                                       0x5c57 (size before relaxing)
 .debug_str     0x0000000000088c77       0x51 build/system_stm32f1xx.o
                                      0x546df (size before relaxing)
 .debug_str     0x0000000000088cc8      0x303 build/stm32f1xx_hal.o
                                      0x83aec (size before relaxing)
 .debug_str     0x0000000000088fcb      0x2ff build/stm32f1xx_hal_cortex.o
                                      0x83af4 (size before relaxing)
 .debug_str     0x00000000000892ca      0x323 build/stm32f1xx_hal_gpio.o
                                      0x8381f (size before relaxing)
 .debug_str     0x00000000000895ed      0x24e build/stm32f1xx_hal_rcc.o
                                      0x83858 (size before relaxing)
 .debug_str     0x000000000008983b      0xd48 build/stm32f1xx_hal_tim.o
                                      0x8482a (size before relaxing)
 .debug_str     0x000000000008a583      0x4ed build/stm32f1xx_hal_tim_ex.o
                                      0x83fdb (size before relaxing)
 .debug_str     0x000000000008aa70      0x5ec build/stm32f1xx_hal_uart.o
                                      0x83e4a (size before relaxing)
 .debug_str     0x000000000008b05c       0x35 build/startup_stm32f103rbtx.o
                                         0x85 (size before relaxing)

.comment        0x0000000000000000       0x53
 .comment       0x0000000000000000       0x53 build/auto_fsm.o
                                         0x54 (size before relaxing)
 .comment       0x0000000000000053       0x54 build/global.o
 .comment       0x0000000000000053       0x54 build/hardware_layer.o
 .comment       0x0000000000000053       0x54 build/input_reading.o
 .comment       0x0000000000000053       0x54 build/main.o
 .comment       0x0000000000000053       0x54 build/manual_fsm.o
 .comment       0x0000000000000053       0x54 build/pedes_fsm.o
 .comment       0x0000000000000053       0x54 build/setting_fsm.o
 .comment       0x0000000000000053       0x54 build/software_timer.o
 .comment       0x0000000000000053       0x54 build/stm32f1xx_hal_msp.o
 .comment       0x0000000000000053       0x54 build/stm32f1xx_it.o
 .comment       0x0000000000000053       0x54 build/sysmem.o
 .comment       0x0000000000000053       0x54 build/system_stm32f1xx.o
 .comment       0x0000000000000053       0x54 build/stm32f1xx_hal.o
 .comment       0x0000000000000053       0x54 build/stm32f1xx_hal_cortex.o
 .comment       0x0000000000000053       0x54 build/stm32f1xx_hal_gpio.o
 .comment       0x0000000000000053       0x54 build/stm32f1xx_hal_rcc.o
 .comment       0x0000000000000053       0x54 build/stm32f1xx_hal_tim.o
 .comment       0x0000000000000053       0x54 build/stm32f1xx_hal_tim_ex.o
 .comment       0x0000000000000053       0x54 build/stm32f1xx_hal_uart.o

.debug_frame    0x0000000000000000     0x36a8
 .debug_frame   0x0000000000000000       0x2c build/auto_fsm.o
 .debug_frame   0x000000000000002c       0x7c build/hardware_layer.o
 .debug_frame   0x00000000000000a8       0x80 build/input_reading.o
 .debug_frame   0x0000000000000128      0x130 build/main.o
 .debug_frame   0x0000000000000258       0x2c build/manual_fsm.o
 .debug_frame   0x0000000000000284       0x2c build/pedes_fsm.o
 .debug_frame   0x00000000000002b0       0x2c build/setting_fsm.o
 .debug_frame   0x00000000000002dc       0xb0 build/software_timer.o
 .debug_frame   0x000000000000038c      0x13c build/stm32f1xx_hal_msp.o
 .debug_frame   0x00000000000004c8      0x120 build/stm32f1xx_it.o
 .debug_frame   0x00000000000005e8       0x34 build/sysmem.o
 .debug_frame   0x000000000000061c       0x58 build/system_stm32f1xx.o
 .debug_frame   0x0000000000000674      0x334 build/stm32f1xx_hal.o
 .debug_frame   0x00000000000009a8      0x428 build/stm32f1xx_hal_cortex.o
 .debug_frame   0x0000000000000dd0      0x14c build/stm32f1xx_hal_gpio.o
 .debug_frame   0x0000000000000f1c      0x21c build/stm32f1xx_hal_rcc.o
 .debug_frame   0x0000000000001138     0x11b8 build/stm32f1xx_hal_tim.o
 .debug_frame   0x00000000000022f0      0x638 build/stm32f1xx_hal_tim_ex.o
 .debug_frame   0x0000000000002928      0x914 build/stm32f1xx_hal_uart.o
 .debug_frame   0x000000000000323c       0x20 c:/st/stm32cubeide_1.7.0/stm32cubeide/plugins/com.st.stm32cube.ide.mcu.externaltools.gnu-tools-for-stm32.9-2020-q2-update.win32_2.0.0.202105311346/tools/bin/../lib/gcc/arm-none-eabi/9.3.1/../../../../arm-none-eabi/lib/thumb/v7-m/nofp\libc_nano.a(lib_a-errno.o)
 .debug_frame   0x000000000000325c       0x2c c:/st/stm32cubeide_1.7.0/stm32cubeide/plugins/com.st.stm32cube.ide.mcu.externaltools.gnu-tools-for-stm32.9-2020-q2-update.win32_2.0.0.202105311346/tools/bin/../lib/gcc/arm-none-eabi/9.3.1/../../../../arm-none-eabi/lib/thumb/v7-m/nofp\libc_nano.a(lib_a-init.o)
 .debug_frame   0x0000000000003288       0x20 c:/st/stm32cubeide_1.7.0/stm32cubeide/plugins/com.st.stm32cube.ide.mcu.externaltools.gnu-tools-for-stm32.9-2020-q2-update.win32_2.0.0.202105311346/tools/bin/../lib/gcc/arm-none-eabi/9.3.1/../../../../arm-none-eabi/lib/thumb/v7-m/nofp\libc_nano.a(lib_a-memset.o)
 .debug_frame   0x00000000000032a8       0x6c c:/st/stm32cubeide_1.7.0/stm32cubeide/plugins/com.st.stm32cube.ide.mcu.externaltools.gnu-tools-for-stm32.9-2020-q2-update.win32_2.0.0.202105311346/tools/bin/../lib/gcc/arm-none-eabi/9.3.1/../../../../arm-none-eabi/lib/thumb/v7-m/nofp\libc_nano.a(lib_a-sprintf.o)
 .debug_frame   0x0000000000003314       0x90 c:/st/stm32cubeide_1.7.0/stm32cubeide/plugins/com.st.stm32cube.ide.mcu.externaltools.gnu-tools-for-stm32.9-2020-q2-update.win32_2.0.0.202105311346/tools/bin/../lib/gcc/arm-none-eabi/9.3.1/../../../../arm-none-eabi/lib/thumb/v7-m/nofp\libc_nano.a(lib_a-nano-svfprintf.o)
 .debug_frame   0x00000000000033a4       0x60 c:/st/stm32cubeide_1.7.0/stm32cubeide/plugins/com.st.stm32cube.ide.mcu.externaltools.gnu-tools-for-stm32.9-2020-q2-update.win32_2.0.0.202105311346/tools/bin/../lib/gcc/arm-none-eabi/9.3.1/../../../../arm-none-eabi/lib/thumb/v7-m/nofp\libc_nano.a(lib_a-nano-vfprintf_i.o)
 .debug_frame   0x0000000000003404       0x28 c:/st/stm32cubeide_1.7.0/stm32cubeide/plugins/com.st.stm32cube.ide.mcu.externaltools.gnu-tools-for-stm32.9-2020-q2-update.win32_2.0.0.202105311346/tools/bin/../lib/gcc/arm-none-eabi/9.3.1/../../../../arm-none-eabi/lib/thumb/v7-m/nofp\libc_nano.a(lib_a-memchr-stub.o)
 .debug_frame   0x000000000000342c       0x28 c:/st/stm32cubeide_1.7.0/stm32cubeide/plugins/com.st.stm32cube.ide.mcu.externaltools.gnu-tools-for-stm32.9-2020-q2-update.win32_2.0.0.202105311346/tools/bin/../lib/gcc/arm-none-eabi/9.3.1/../../../../arm-none-eabi/lib/thumb/v7-m/nofp\libc_nano.a(lib_a-memcpy-stub.o)
 .debug_frame   0x0000000000003454       0x28 c:/st/stm32cubeide_1.7.0/stm32cubeide/plugins/com.st.stm32cube.ide.mcu.externaltools.gnu-tools-for-stm32.9-2020-q2-update.win32_2.0.0.202105311346/tools/bin/../lib/gcc/arm-none-eabi/9.3.1/../../../../arm-none-eabi/lib/thumb/v7-m/nofp\libc_nano.a(lib_a-memmove.o)
 .debug_frame   0x000000000000347c       0x38 c:/st/stm32cubeide_1.7.0/stm32cubeide/plugins/com.st.stm32cube.ide.mcu.externaltools.gnu-tools-for-stm32.9-2020-q2-update.win32_2.0.0.202105311346/tools/bin/../lib/gcc/arm-none-eabi/9.3.1/../../../../arm-none-eabi/lib/thumb/v7-m/nofp\libc_nano.a(lib_a-nano-freer.o)
 .debug_frame   0x00000000000034b4       0x30 c:/st/stm32cubeide_1.7.0/stm32cubeide/plugins/com.st.stm32cube.ide.mcu.externaltools.gnu-tools-for-stm32.9-2020-q2-update.win32_2.0.0.202105311346/tools/bin/../lib/gcc/arm-none-eabi/9.3.1/../../../../arm-none-eabi/lib/thumb/v7-m/nofp\libc_nano.a(lib_a-nano-mallocr.o)
 .debug_frame   0x00000000000034e4       0x3c c:/st/stm32cubeide_1.7.0/stm32cubeide/plugins/com.st.stm32cube.ide.mcu.externaltools.gnu-tools-for-stm32.9-2020-q2-update.win32_2.0.0.202105311346/tools/bin/../lib/gcc/arm-none-eabi/9.3.1/../../../../arm-none-eabi/lib/thumb/v7-m/nofp\libc_nano.a(lib_a-nano-reallocr.o)
 .debug_frame   0x0000000000003520       0x2c c:/st/stm32cubeide_1.7.0/stm32cubeide/plugins/com.st.stm32cube.ide.mcu.externaltools.gnu-tools-for-stm32.9-2020-q2-update.win32_2.0.0.202105311346/tools/bin/../lib/gcc/arm-none-eabi/9.3.1/../../../../arm-none-eabi/lib/thumb/v7-m/nofp\libc_nano.a(lib_a-sbrkr.o)
 .debug_frame   0x000000000000354c       0x30 c:/st/stm32cubeide_1.7.0/stm32cubeide/plugins/com.st.stm32cube.ide.mcu.externaltools.gnu-tools-for-stm32.9-2020-q2-update.win32_2.0.0.202105311346/tools/bin/../lib/gcc/arm-none-eabi/9.3.1/../../../../arm-none-eabi/lib/thumb/v7-m/nofp\libc_nano.a(lib_a-mlock.o)
 .debug_frame   0x000000000000357c       0x20 c:/st/stm32cubeide_1.7.0/stm32cubeide/plugins/com.st.stm32cube.ide.mcu.externaltools.gnu-tools-for-stm32.9-2020-q2-update.win32_2.0.0.202105311346/tools/bin/../lib/gcc/arm-none-eabi/9.3.1/../../../../arm-none-eabi/lib/thumb/v7-m/nofp\libc_nano.a(lib_a-nano-msizer.o)
 .debug_frame   0x000000000000359c       0x5c c:/st/stm32cubeide_1.7.0/stm32cubeide/plugins/com.st.stm32cube.ide.mcu.externaltools.gnu-tools-for-stm32.9-2020-q2-update.win32_2.0.0.202105311346/tools/bin/../lib/gcc/arm-none-eabi/9.3.1/../../../../arm-none-eabi/lib/thumb/v7-m/nofp\libc_nano.a(lib_a-reent.o)
 .debug_frame   0x00000000000035f8       0xb0 c:/st/stm32cubeide_1.7.0/stm32cubeide/plugins/com.st.stm32cube.ide.mcu.externaltools.gnu-tools-for-stm32.9-2020-q2-update.win32_2.0.0.202105311346/tools/bin/../lib/gcc/arm-none-eabi/9.3.1/../../../../arm-none-eabi/lib/thumb/v7-m/nofp\libc_nano.a(lib_a-lock.o)

Cross Reference Table

Symbol                                            File
ADC1_2_IRQHandler                                 build/startup_stm32f103rbtx.o
AHBPrescTable                                     build/system_stm32f1xx.o
                                                  build/stm32f1xx_hal_rcc.o
APBPrescTable                                     build/system_stm32f1xx.o
                                                  build/stm32f1xx_hal_rcc.o
BusFault_Handler                                  build/stm32f1xx_it.o
CAN1_RX1_IRQHandler                               build/startup_stm32f103rbtx.o
CAN1_SCE_IRQHandler                               build/startup_stm32f103rbtx.o
DMA1_Channel1_IRQHandler                          build/startup_stm32f103rbtx.o
DMA1_Channel2_IRQHandler                          build/startup_stm32f103rbtx.o
DMA1_Channel3_IRQHandler                          build/startup_stm32f103rbtx.o
DMA1_Channel4_IRQHandler                          build/startup_stm32f103rbtx.o
DMA1_Channel5_IRQHandler                          build/startup_stm32f103rbtx.o
DMA1_Channel6_IRQHandler                          build/startup_stm32f103rbtx.o
DMA1_Channel7_IRQHandler                          build/startup_stm32f103rbtx.o
DebugMon_Handler                                  build/stm32f1xx_it.o
Default_Handler                                   build/startup_stm32f103rbtx.o
EXTI0_IRQHandler                                  build/startup_stm32f103rbtx.o
EXTI15_10_IRQHandler                              build/startup_stm32f103rbtx.o
EXTI1_IRQHandler                                  build/startup_stm32f103rbtx.o
EXTI2_IRQHandler                                  build/startup_stm32f103rbtx.o
EXTI3_IRQHandler                                  build/startup_stm32f103rbtx.o
EXTI4_IRQHandler                                  build/startup_stm32f103rbtx.o
EXTI9_5_IRQHandler                                build/startup_stm32f103rbtx.o
Error_Handler                                     build/main.o
FLASH_IRQHandler                                  build/startup_stm32f103rbtx.o
FLASH_PageErase                                   build/stm32f1xx_hal_flash_ex.o
                                                  build/stm32f1xx_hal_flash.o
FLASH_WaitForLastOperation                        build/stm32f1xx_hal_flash.o
                                                  build/stm32f1xx_hal_flash_ex.o
FlagFor3secPressed                                build/input_reading.o
HAL_DBGMCU_DisableDBGSleepMode                    build/stm32f1xx_hal.o
HAL_DBGMCU_DisableDBGStandbyMode                  build/stm32f1xx_hal.o
HAL_DBGMCU_DisableDBGStopMode                     build/stm32f1xx_hal.o
HAL_DBGMCU_EnableDBGSleepMode                     build/stm32f1xx_hal.o
HAL_DBGMCU_EnableDBGStandbyMode                   build/stm32f1xx_hal.o
HAL_DBGMCU_EnableDBGStopMode                      build/stm32f1xx_hal.o
HAL_DMA_Abort                                     build/stm32f1xx_hal_dma.o
                                                  build/stm32f1xx_hal_uart.o
HAL_DMA_Abort_IT                                  build/stm32f1xx_hal_dma.o
                                                  build/stm32f1xx_hal_uart.o
                                                  build/stm32f1xx_hal_tim_ex.o
                                                  build/stm32f1xx_hal_tim.o
HAL_DMA_DeInit                                    build/stm32f1xx_hal_dma.o
HAL_DMA_GetError                                  build/stm32f1xx_hal_dma.o
                                                  build/stm32f1xx_hal_uart.o
HAL_DMA_GetState                                  build/stm32f1xx_hal_dma.o
HAL_DMA_IRQHandler                                build/stm32f1xx_hal_dma.o
HAL_DMA_Init                                      build/stm32f1xx_hal_dma.o
HAL_DMA_PollForTransfer                           build/stm32f1xx_hal_dma.o
HAL_DMA_RegisterCallback                          build/stm32f1xx_hal_dma.o
HAL_DMA_Start                                     build/stm32f1xx_hal_dma.o
HAL_DMA_Start_IT                                  build/stm32f1xx_hal_dma.o
                                                  build/stm32f1xx_hal_uart.o
                                                  build/stm32f1xx_hal_tim_ex.o
                                                  build/stm32f1xx_hal_tim.o
HAL_DMA_UnRegisterCallback                        build/stm32f1xx_hal_dma.o
HAL_DeInit                                        build/stm32f1xx_hal.o
HAL_Delay                                         build/stm32f1xx_hal.o
                                                  build/main.o
HAL_EXTI_ClearConfigLine                          build/stm32f1xx_hal_exti.o
HAL_EXTI_ClearPending                             build/stm32f1xx_hal_exti.o
HAL_EXTI_GenerateSWI                              build/stm32f1xx_hal_exti.o
HAL_EXTI_GetConfigLine                            build/stm32f1xx_hal_exti.o
HAL_EXTI_GetHandle                                build/stm32f1xx_hal_exti.o
HAL_EXTI_GetPending                               build/stm32f1xx_hal_exti.o
HAL_EXTI_IRQHandler                               build/stm32f1xx_hal_exti.o
HAL_EXTI_RegisterCallback                         build/stm32f1xx_hal_exti.o
HAL_EXTI_SetConfigLine                            build/stm32f1xx_hal_exti.o
HAL_FLASHEx_Erase                                 build/stm32f1xx_hal_flash_ex.o
HAL_FLASHEx_Erase_IT                              build/stm32f1xx_hal_flash_ex.o
HAL_FLASHEx_OBErase                               build/stm32f1xx_hal_flash_ex.o
HAL_FLASHEx_OBGetConfig                           build/stm32f1xx_hal_flash_ex.o
HAL_FLASHEx_OBGetUserData                         build/stm32f1xx_hal_flash_ex.o
HAL_FLASHEx_OBProgram                             build/stm32f1xx_hal_flash_ex.o
HAL_FLASH_EndOfOperationCallback                  build/stm32f1xx_hal_flash.o
HAL_FLASH_GetError                                build/stm32f1xx_hal_flash.o
HAL_FLASH_IRQHandler                              build/stm32f1xx_hal_flash.o
HAL_FLASH_Lock                                    build/stm32f1xx_hal_flash.o
HAL_FLASH_OB_Launch                               build/stm32f1xx_hal_flash.o
HAL_FLASH_OB_Lock                                 build/stm32f1xx_hal_flash.o
HAL_FLASH_OB_Unlock                               build/stm32f1xx_hal_flash.o
HAL_FLASH_OperationErrorCallback                  build/stm32f1xx_hal_flash.o
HAL_FLASH_Program                                 build/stm32f1xx_hal_flash.o
HAL_FLASH_Program_IT                              build/stm32f1xx_hal_flash.o
HAL_FLASH_Unlock                                  build/stm32f1xx_hal_flash.o
HAL_GPIOEx_ConfigEventout                         build/stm32f1xx_hal_gpio_ex.o
HAL_GPIOEx_DisableEventout                        build/stm32f1xx_hal_gpio_ex.o
HAL_GPIOEx_EnableEventout                         build/stm32f1xx_hal_gpio_ex.o
HAL_GPIO_DeInit                                   build/stm32f1xx_hal_gpio.o
                                                  build/stm32f1xx_hal_msp.o
HAL_GPIO_EXTI_Callback                            build/stm32f1xx_hal_gpio.o
HAL_GPIO_EXTI_IRQHandler                          build/stm32f1xx_hal_gpio.o
HAL_GPIO_Init                                     build/stm32f1xx_hal_gpio.o
                                                  build/stm32f1xx_hal_rcc.o
                                                  build/stm32f1xx_hal_msp.o
                                                  build/main.o
HAL_GPIO_LockPin                                  build/stm32f1xx_hal_gpio.o
HAL_GPIO_ReadPin                                  build/stm32f1xx_hal_gpio.o
                                                  build/input_reading.o
HAL_GPIO_TogglePin                                build/stm32f1xx_hal_gpio.o
HAL_GPIO_WritePin                                 build/stm32f1xx_hal_gpio.o
                                                  build/main.o
                                                  build/hardware_layer.o
HAL_GetDEVID                                      build/stm32f1xx_hal.o
HAL_GetHalVersion                                 build/stm32f1xx_hal.o
HAL_GetREVID                                      build/stm32f1xx_hal.o
HAL_GetTick                                       build/stm32f1xx_hal.o
                                                  build/stm32f1xx_hal_uart.o
                                                  build/stm32f1xx_hal_rcc_ex.o
                                                  build/stm32f1xx_hal_rcc.o
                                                  build/stm32f1xx_hal_flash.o
                                                  build/stm32f1xx_hal_dma.o
HAL_GetTickFreq                                   build/stm32f1xx_hal.o
HAL_GetTickPrio                                   build/stm32f1xx_hal.o
HAL_GetUIDw0                                      build/stm32f1xx_hal.o
HAL_GetUIDw1                                      build/stm32f1xx_hal.o
HAL_GetUIDw2                                      build/stm32f1xx_hal.o
HAL_HalfDuplex_EnableReceiver                     build/stm32f1xx_hal_uart.o
HAL_HalfDuplex_EnableTransmitter                  build/stm32f1xx_hal_uart.o
HAL_HalfDuplex_Init                               build/stm32f1xx_hal_uart.o
HAL_IncTick                                       build/stm32f1xx_hal.o
                                                  build/stm32f1xx_it.o
HAL_Init                                          build/stm32f1xx_hal.o
                                                  build/main.o
HAL_InitTick                                      build/stm32f1xx_hal.o
                                                  build/stm32f1xx_hal_rcc.o
HAL_LIN_Init                                      build/stm32f1xx_hal_uart.o
HAL_LIN_SendBreak                                 build/stm32f1xx_hal_uart.o
HAL_MspDeInit                                     build/stm32f1xx_hal.o
HAL_MspInit                                       build/stm32f1xx_hal_msp.o
HAL_MultiProcessor_EnterMuteMode                  build/stm32f1xx_hal_uart.o
HAL_MultiProcessor_ExitMuteMode                   build/stm32f1xx_hal_uart.o
HAL_MultiProcessor_Init                           build/stm32f1xx_hal_uart.o
HAL_NVIC_ClearPendingIRQ                          build/stm32f1xx_hal_cortex.o
HAL_NVIC_DisableIRQ                               build/stm32f1xx_hal_cortex.o
                                                  build/stm32f1xx_hal_msp.o
HAL_NVIC_EnableIRQ                                build/stm32f1xx_hal_cortex.o
                                                  build/stm32f1xx_hal_msp.o
HAL_NVIC_GetActive                                build/stm32f1xx_hal_cortex.o
HAL_NVIC_GetPendingIRQ                            build/stm32f1xx_hal_cortex.o
HAL_NVIC_GetPriority                              build/stm32f1xx_hal_cortex.o
HAL_NVIC_GetPriorityGrouping                      build/stm32f1xx_hal_cortex.o
HAL_NVIC_SetPendingIRQ                            build/stm32f1xx_hal_cortex.o
HAL_NVIC_SetPriority                              build/stm32f1xx_hal_cortex.o
                                                  build/stm32f1xx_hal.o
                                                  build/stm32f1xx_hal_msp.o
HAL_NVIC_SetPriorityGrouping                      build/stm32f1xx_hal_cortex.o
                                                  build/stm32f1xx_hal.o
HAL_NVIC_SystemReset                              build/stm32f1xx_hal_cortex.o
                                                  build/stm32f1xx_hal_flash.o
HAL_PWR_ConfigPVD                                 build/stm32f1xx_hal_pwr.o
HAL_PWR_DeInit                                    build/stm32f1xx_hal_pwr.o
HAL_PWR_DisableBkUpAccess                         build/stm32f1xx_hal_pwr.o
HAL_PWR_DisablePVD                                build/stm32f1xx_hal_pwr.o
HAL_PWR_DisableSEVOnPend                          build/stm32f1xx_hal_pwr.o
HAL_PWR_DisableSleepOnExit                        build/stm32f1xx_hal_pwr.o
HAL_PWR_DisableWakeUpPin                          build/stm32f1xx_hal_pwr.o
HAL_PWR_EnableBkUpAccess                          build/stm32f1xx_hal_pwr.o
HAL_PWR_EnablePVD                                 build/stm32f1xx_hal_pwr.o
HAL_PWR_EnableSEVOnPend                           build/stm32f1xx_hal_pwr.o
HAL_PWR_EnableSleepOnExit                         build/stm32f1xx_hal_pwr.o
HAL_PWR_EnableWakeUpPin                           build/stm32f1xx_hal_pwr.o
HAL_PWR_EnterSLEEPMode                            build/stm32f1xx_hal_pwr.o
HAL_PWR_EnterSTANDBYMode                          build/stm32f1xx_hal_pwr.o
HAL_PWR_EnterSTOPMode                             build/stm32f1xx_hal_pwr.o
HAL_PWR_PVDCallback                               build/stm32f1xx_hal_pwr.o
HAL_PWR_PVD_IRQHandler                            build/stm32f1xx_hal_pwr.o
HAL_RCCEx_GetPeriphCLKConfig                      build/stm32f1xx_hal_rcc_ex.o
HAL_RCCEx_GetPeriphCLKFreq                        build/stm32f1xx_hal_rcc_ex.o
HAL_RCCEx_PeriphCLKConfig                         build/stm32f1xx_hal_rcc_ex.o
HAL_RCC_CSSCallback                               build/stm32f1xx_hal_rcc.o
HAL_RCC_ClockConfig                               build/stm32f1xx_hal_rcc.o
                                                  build/main.o
HAL_RCC_DeInit                                    build/stm32f1xx_hal_rcc.o
HAL_RCC_DisableCSS                                build/stm32f1xx_hal_rcc.o
HAL_RCC_EnableCSS                                 build/stm32f1xx_hal_rcc.o
HAL_RCC_GetClockConfig                            build/stm32f1xx_hal_rcc.o
HAL_RCC_GetHCLKFreq                               build/stm32f1xx_hal_rcc.o
HAL_RCC_GetOscConfig                              build/stm32f1xx_hal_rcc.o
HAL_RCC_GetPCLK1Freq                              build/stm32f1xx_hal_rcc.o
                                                  build/stm32f1xx_hal_uart.o
HAL_RCC_GetPCLK2Freq                              build/stm32f1xx_hal_rcc.o
                                                  build/stm32f1xx_hal_uart.o
                                                  build/stm32f1xx_hal_rcc_ex.o
HAL_RCC_GetSysClockFreq                           build/stm32f1xx_hal_rcc.o
HAL_RCC_MCOConfig                                 build/stm32f1xx_hal_rcc.o
HAL_RCC_NMI_IRQHandler                            build/stm32f1xx_hal_rcc.o
HAL_RCC_OscConfig                                 build/stm32f1xx_hal_rcc.o
                                                  build/main.o
HAL_ResumeTick                                    build/stm32f1xx_hal.o
HAL_SYSTICK_CLKSourceConfig                       build/stm32f1xx_hal_cortex.o
HAL_SYSTICK_Callback                              build/stm32f1xx_hal_cortex.o
HAL_SYSTICK_Config                                build/stm32f1xx_hal_cortex.o
                                                  build/stm32f1xx_hal.o
HAL_SYSTICK_IRQHandler                            build/stm32f1xx_hal_cortex.o
HAL_SetTickFreq                                   build/stm32f1xx_hal.o
HAL_SuspendTick                                   build/stm32f1xx_hal.o
HAL_TIMEx_BreakCallback                           build/stm32f1xx_hal_tim_ex.o
                                                  build/stm32f1xx_hal_tim.o
HAL_TIMEx_CommutCallback                          build/stm32f1xx_hal_tim_ex.o
                                                  build/stm32f1xx_hal_tim.o
HAL_TIMEx_CommutHalfCpltCallback                  build/stm32f1xx_hal_tim_ex.o
HAL_TIMEx_ConfigBreakDeadTime                     build/stm32f1xx_hal_tim_ex.o
HAL_TIMEx_ConfigCommutEvent                       build/stm32f1xx_hal_tim_ex.o